[OK] DEP-001 (Cardiology): 35 files
[OK] DEP-002 (Endocrinology): 35 files
[OK] DEP-003 (Gastroenterology): 35 files
[OK] DEP-004 (Hematology_Oncology): 35 files
[OK] DEP-005 (Nephrology): 35 files
[OK] DEP-006 (Pulmonology): 35 files
[OK] DEP-007 (Rheumatology): 35 files
[OK] DEP-008 (Infectious_Diseases): 35 files
[OK] DEP-009 (Dermatology): 35 files
[OK] DEP-010 (Allergy_Immunology): 35 files
[OK] DEP-011 (General_Surgery): 35 files
[OK] DEP-012 (Orthopedics): 35 files
[OK] DEP-013 (Neurosurgery): 35 files
[OK] DEP-014 (Cardiothoracic_Surgery): 35 files
[OK] DEP-015 (ENT): 35 files
[OK] DEP-016 (Ophthalmology): 35 files
[OK] DEP-017 (Urology): 35 files
[OK] DEP-018 (Plastic_Burns): 35 files
[OK] DEP-019 (Vascular_Surgery): 35 files
[OK] DEP-020 (Transplant_Surgery): 35 files
[OK] DEP-021 (Emergency): 35 files
[OK] DEP-022 (ICU_Adult): 35 files
[OK] DEP-023 (NICU): 35 files
[OK] DEP-024 (PICU): 35 files
[OK] DEP-025 (PACU): 35 files
[OK] DEP-026 (General_Pediatrics): 35 files
[OK] DEP-027 (Neonatology): 35 files
[OK] DEP-028 (Pediatric_Cardiology): 35 files
[OK] DEP-029 (Pediatric_Neurology): 35 files
[OK] DEP-030 (Pediatric_Nephrology): 35 files
[OK] DEP-031 (Pediatric_HemOnc): 35 files
[OK] DEP-032 (Pediatric_Surgery): 35 files
[OK] DEP-033 (Pediatric_Development_Rehab): 35 files
[OK] DEP-034 (Obstetrics): 35 files
[OK] DEP-035 (Gynecology): 35 files
[OK] DEP-036 (Reproductive_Medicine_IVF): 35 files
[OK] DEP-037 (Maternal_Fetal_Medicine): 35 files
[OK] DEP-038 (Urogynecology): 35 files
[OK] DEP-039 (Laboratory): 35 files
[OK] DEP-040 (Radiology): 35 files
[OK] DEP-041 (Interventional_Radiology): 35 files
[OK] DEP-042 (Nuclear_Medicine): 35 files
[OK] DEP-043 (Pathology): 35 files
[OK] DEP-044 (Psychiatry): 35 files
[OK] DEP-045 (Psychology): 35 files
[OK] DEP-046 (Physical_Therapy_Rehab): 35 files
[OK] DEP-047 (Occupational_Therapy): 35 files
[OK] DEP-048 (Medical_Oncology): 35 files
[OK] DEP-049 (Radiation_Oncology): 35 files
[OK] DEP-050 (Palliative_Care): 35 files
[OK] DEP-051 (Anesthesia): 35 files
[OK] DEP-052 (Pain_Management): 35 files
[OK] DEP-053 (Pharmacy): 35 files
[OK] DEP-054 (Inventory_Supply_Chain): 35 files
[OK] DEP-055 (Finance_Accounting): 35 files
[OK] DEP-056 (HR_Staffing): 35 files
[OK] DEP-057 (Billing_Coding): 35 files
[OK] DEP-058 (Insurance_Claims_NPHIES): 35 files
[OK] DEP-059 (Quality_Safety): 35 files
[OK] DEP-060 (Facility_Biomedical_Management): 35 files

[STATS] Total: 2100 files generated
