  +2 ALGY-001
  +2 ANES-001
  +2 CARD-001
  +2 CCU
  +2 CTS-001
  +2 DENT-001
  +2 DEP-001_cardiology
  +2 DEP-002_endocrinology
  +2 DEP-003_gastroenterology
  +2 DEP-004_hemOnc
  +2 DEP-005_nephrology
  +2 DEP-006_pulmonology
  +2 DEP-007_rheumatology
  +2 DEP-008_infectious
  +2 DEP-009_dermatology
  +2 DEP-010_allergy
  +2 DEP-011_genSurg
  +2 DEP-012_ortho
  +2 DEP-013_neuroSurg
  +2 DEP-014_cardioTh
  +2 DEP-015_ent
  +2 DEP-016_ophth
  +2 DEP-017_uro
  +2 DEP-018_plastic
  +2 DEP-019_vascular
  +2 DEP-020_transplant
  +2 DEP-021_emergency
  +2 DEP-022_icu
  +2 DEP-023_nicu
  +2 DEP-024_picu
  +2 DEP-025_pacu
  +2 DEP-026_peds
  +2 DEP-027_neonate
  +2 DEP-028_pedsCard
  +2 DEP-029_pedsNeuro
  +2 DEP-030_pedsNeph
  +2 DEP-031_pedsHemOnc
  +2 DEP-032_pedsSurg
  +2 DEP-033_pedsDev
  +2 DEP-034_obs
  +2 DEP-035_gyn
  +2 DEP-036_fertility
  +2 DEP-037_mfm
  +2 DEP-038_urogyn
  +2 DEP-039_lab
  +2 DEP-040_radiology
  +2 DEP-041_ir
  +2 DEP-042_nucmed
  +2 DEP-043_path
  +2 DEP-044_psych
  +2 DEP-045_psychol
  +2 DEP-046_pt
  +2 DEP-047_ot
  +2 DEP-048_medOnc
  +2 DEP-049_radOnc
  +2 DEP-050_palliative
  +2 DEP-051_anesth
  +2 DEP-052_pain
  +2 DEP-053_pharmacy
  +2 DEP-054_inventory
  +2 DEP-055_finance
  +2 DEP-056_hr
  +2 DEP-057_billing
  +2 DEP-058_insurance
  +2 DEP-059_quality
  +2 DEP-060_facility
  +2 DERM-001
  +2 DIET-001
  +2 ENDO-001
  +2 ENT-001
  +2 ER-001
  +2 ER-002
  +2 ER-003
  +2 ER-004
  +2 GEN-001
  +2 GERI-001
  +2 GI-001
  +2 HH-001
  +2 ID-001
  +2 LAB-001
  +2 MICU
  +2 NEPH-001
  +2 NEUROS-001
  +2 NNICU
  +2 OBG-001
  +2 OBG-002
  +2 ONC-001
  +2 OPHTH-001
  +2 ORTHO-001
  +2 PACU
  +2 PAIN-001
  +2 PATH-001
  +2 PEDS-001
  +2 PEDS-002
  +2 PHARM-001
  +2 PICU
  +2 PLAST-001
  +2 PREV-001
  +2 PSYCH-001
  +2 PULM-001
  +2 RAD-001
  +2 REHAB-001
  +2 RHEUM-001
  +2 SICU
  +2 SLEEP-001
  +2 SOC-001
  +2 SPM-001
  +2 SURG-001
  +2 SURG-002
  +2 SURG-003
  +2 SURG-004
  +2 SURG-005
  +2 SURG-006
  +2 SURG-007
  +2 SURG-008
  +2 SURG-009
  +2 SURG-010
  +2 SURG-011
  +2 SURG-012
  +2 TRMED-001
  +2 URO-001
  +2 VAS-001

Total files added: 244
