[ops/jumanasoft-enterprise-facility-platform-staging-prep 5de8d016] ai-brain(plan): add 4 system docs (DR/BC/CM/VM) + buckets 50/51 + Stitch platform catalog
 249 files changed, 18335 insertions(+)
 create mode 100644 .ai-brain/00_SYSTEM/BUSINESS_CONTINUITY_PLAN_AR.md
 create mode 100644 .ai-brain/00_SYSTEM/CHANGE_MANAGEMENT_PLAN_AR.md
 create mode 100644 .ai-brain/00_SYSTEM/DISASTER_RECOVERY_PLAN_AR.md
 create mode 100644 .ai-brain/00_SYSTEM/STITCH_GOOGLE_PLATFORM_CATALOG.html
 create mode 100644 .ai-brain/00_SYSTEM/VENDOR_MANAGEMENT_PLAN_AR.md
 create mode 100644 .ai-brain/02_MODULES/ALGY-001/50_test_observability.md
 create mode 100644 .ai-brain/02_MODULES/ALGY-001/51_devops_runbook.md
 create mode 100644 .ai-brain/02_MODULES/ANES-001/50_test_observability.md
 create mode 100644 .ai-brain/02_MODULES/ANES-001/51_devops_runbook.md
 create mode 100644 .ai-brain/02_MODULES/CARD-001/50_test_observability.md
 create mode 100644 .ai-brain/02_MODULES/CARD-001/51_devops_runbook.md
 create mode 100644 .ai-brain/02_MODULES/CCU/50_test_observability.md
 create mode 100644 .ai-brain/02_MODULES/CCU/51_devops_runbook.md
 create mode 100644 .ai-brain/02_MODULES/CTS-001/50_test_observability.md
 create mode 100644 .ai-brain/02_MODULES/CTS-001/51_devops_runbook.md
 create mode 100644 .ai-brain/02_MODULES/DENT-001/50_test_observability.md
 create mode 100644 .ai-brain/02_MODULES/DENT-001/51_devops_runbook.md
 create mode 100644 .ai-brain/02_MODULES/DEP-001_cardiology/50_test_observability.md
 create mode 100644 .ai-brain/02_MODULES/DEP-001_cardiology/51_devops_runbook.md
 create mode 100644 .ai-brain/02_MODULES/DEP-002_endocrinology/50_test_observability.md
 create mode 100644 .ai-brain/02_MODULES/DEP-002_endocrinology/51_devops_runbook.md
 create mode 100644 .ai-brain/02_MODULES/DEP-003_gastroenterology/50_test_observability.md
 create mode 100644 .ai-brain/02_MODULES/DEP-003_gastroenterology/51_devops_runbook.md
 create mode 100644 .ai-brain/02_MODULES/DEP-004_hemOnc/50_test_observability.md
 create mode 100644 .ai-brain/02_MODULES/DEP-004_hemOnc/51_devops_runbook.md
 create mode 100644 .ai-brain/02_MODULES/DEP-005_nephrology/50_test_observability.md
 create mode 100644 .ai-brain/02_MODULES/DEP-005_nephrology/51_devops_runbook.md
 create mode 100644 .ai-brain/02_MODULES/DEP-006_pulmonology/50_test_observability.md
 create mode 100644 .ai-brain/02_MODULES/DEP-006_pulmonology/51_devops_runbook.md
 create mode 100644 .ai-brain/02_MODULES/DEP-007_rheumatology/50_test_observability.md
 create mode 100644 .ai-brain/02_MODULES/DEP-007_rheumatology/51_devops_runbook.md
 create mode 100644 .ai-brain/02_MODULES/DEP-008_infectious/50_test_observability.md
 create mode 100644 .ai-brain/02_MODULES/DEP-008_infectious/51_devops_runbook.md
 create mode 100644 .ai-brain/02_MODULES/DEP-009_dermatology/50_test_observability.md
 create mode 100644 .ai-brain/02_MODULES/DEP-009_dermatology/51_devops_runbook.md
 create mode 100644 .ai-brain/02_MODULES/DEP-010_allergy/50_test_observability.md
 create mode 100644 .ai-brain/02_MODULES/DEP-010_allergy/51_devops_runbook.md
 create mode 100644 .ai-brain/02_MODULES/DEP-011_genSurg/50_test_observability.md
 create mode 100644 .ai-brain/02_MODULES/DEP-011_genSurg/51_devops_runbook.md
 create mode 100644 .ai-brain/02_MODULES/DEP-012_ortho/50_test_observability.md
 create mode 100644 .ai-brain/02_MODULES/DEP-012_ortho/51_devops_runbook.md
 create mode 100644 .ai-brain/02_MODULES/DEP-013_neuroSurg/50_test_observability.md
 create mode 100644 .ai-brain/02_MODULES/DEP-013_neuroSurg/51_devops_runbook.md
 create mode 100644 .ai-brain/02_MODULES/DEP-014_cardioTh/50_test_observability.md
 create mode 100644 .ai-brain/02_MODULES/DEP-014_cardioTh/51_devops_runbook.md
 create mode 100644 .ai-brain/02_MODULES/DEP-015_ent/50_test_observability.md
 create mode 100644 .ai-brain/02_MODULES/DEP-015_ent/51_devops_runbook.md
 create mode 100644 .ai-brain/02_MODULES/DEP-016_ophth/50_test_observability.md
 create mode 100644 .ai-brain/02_MODULES/DEP-016_ophth/51_devops_runbook.md
 create mode 100644 .ai-brain/02_MODULES/DEP-017_uro/50_test_observability.md
 create mode 100644 .ai-brain/02_MODULES/DEP-017_uro/51_devops_runbook.md
 create mode 100644 .ai-brain/02_MODULES/DEP-018_plastic/50_test_observability.md
 create mode 100644 .ai-brain/02_MODULES/DEP-018_plastic/51_devops_runbook.md
 create mode 100644 .ai-brain/02_MODULES/DEP-019_vascular/50_test_observability.md
 create mode 100644 .ai-brain/02_MODULES/DEP-019_vascular/51_devops_runbook.md
 create mode 100644 .ai-brain/02_MODULES/DEP-020_transplant/50_test_observability.md
 create mode 100644 .ai-brain/02_MODULES/DEP-020_transplant/51_devops_runbook.md
 create mode 100644 .ai-brain/02_MODULES/DEP-021_emergency/50_test_observability.md
 create mode 100644 .ai-brain/02_MODULES/DEP-021_emergency/51_devops_runbook.md
 create mode 100644 .ai-brain/02_MODULES/DEP-022_icu/50_test_observability.md
 create mode 100644 .ai-brain/02_MODULES/DEP-022_icu/51_devops_runbook.md
 create mode 100644 .ai-brain/02_MODULES/DEP-023_nicu/50_test_observability.md
 create mode 100644 .ai-brain/02_MODULES/DEP-023_nicu/51_devops_runbook.md
 create mode 100644 .ai-brain/02_MODULES/DEP-024_picu/50_test_observability.md
 create mode 100644 .ai-brain/02_MODULES/DEP-024_picu/51_devops_runbook.md
 create mode 100644 .ai-brain/02_MODULES/DEP-025_pacu/50_test_observability.md
 create mode 100644 .ai-brain/02_MODULES/DEP-025_pacu/51_devops_runbook.md
 create mode 100644 .ai-brain/02_MODULES/DEP-026_peds/50_test_observability.md
 create mode 100644 .ai-brain/02_MODULES/DEP-026_peds/51_devops_runbook.md
 create mode 100644 .ai-brain/02_MODULES/DEP-027_neonate/50_test_observability.md
 create mode 100644 .ai-brain/02_MODULES/DEP-027_neonate/51_devops_runbook.md
 create mode 100644 .ai-brain/02_MODULES/DEP-028_pedsCard/50_test_observability.md
 create mode 100644 .ai-brain/02_MODULES/DEP-028_pedsCard/51_devops_runbook.md
 create mode 100644 .ai-brain/02_MODULES/DEP-029_pedsNeuro/50_test_observability.md
 create mode 100644 .ai-brain/02_MODULES/DEP-029_pedsNeuro/51_devops_runbook.md
 create mode 100644 .ai-brain/02_MODULES/DEP-030_pedsNeph/50_test_observability.md
 create mode 100644 .ai-brain/02_MODULES/DEP-030_pedsNeph/51_devops_runbook.md
 create mode 100644 .ai-brain/02_MODULES/DEP-031_pedsHemOnc/50_test_observability.md
 create mode 100644 .ai-brain/02_MODULES/DEP-031_pedsHemOnc/51_devops_runbook.md
 create mode 100644 .ai-brain/02_MODULES/DEP-032_pedsSurg/50_test_observability.md
 create mode 100644 .ai-brain/02_MODULES/DEP-032_pedsSurg/51_devops_runbook.md
 create mode 100644 .ai-brain/02_MODULES/DEP-033_pedsDev/50_test_observability.md
 create mode 100644 .ai-brain/02_MODULES/DEP-033_pedsDev/51_devops_runbook.md
 create mode 100644 .ai-brain/02_MODULES/DEP-034_obs/50_test_observability.md
 create mode 100644 .ai-brain/02_MODULES/DEP-034_obs/51_devops_runbook.md
 create mode 100644 .ai-brain/02_MODULES/DEP-035_gyn/50_test_observability.md
 create mode 100644 .ai-brain/02_MODULES/DEP-035_gyn/51_devops_runbook.md
 create mode 100644 .ai-brain/02_MODULES/DEP-036_fertility/50_test_observability.md
 create mode 100644 .ai-brain/02_MODULES/DEP-036_fertility/51_devops_runbook.md
 create mode 100644 .ai-brain/02_MODULES/DEP-037_mfm/50_test_observability.md
 create mode 100644 .ai-brain/02_MODULES/DEP-037_mfm/51_devops_runbook.md
 create mode 100644 .ai-brain/02_MODULES/DEP-038_urogyn/50_test_observability.md
 create mode 100644 .ai-brain/02_MODULES/DEP-038_urogyn/51_devops_runbook.md
 create mode 100644 .ai-brain/02_MODULES/DEP-039_lab/50_test_observability.md
 create mode 100644 .ai-brain/02_MODULES/DEP-039_lab/51_devops_runbook.md
 create mode 100644 .ai-brain/02_MODULES/DEP-040_radiology/50_test_observability.md
 create mode 100644 .ai-brain/02_MODULES/DEP-040_radiology/51_devops_runbook.md
 create mode 100644 .ai-brain/02_MODULES/DEP-041_ir/50_test_observability.md
 create mode 100644 .ai-brain/02_MODULES/DEP-041_ir/51_devops_runbook.md
 create mode 100644 .ai-brain/02_MODULES/DEP-042_nucmed/50_test_observability.md
 create mode 100644 .ai-brain/02_MODULES/DEP-042_nucmed/51_devops_runbook.md
 create mode 100644 .ai-brain/02_MODULES/DEP-043_path/50_test_observability.md
 create mode 100644 .ai-brain/02_MODULES/DEP-043_path/51_devops_runbook.md
 create mode 100644 .ai-brain/02_MODULES/DEP-044_psych/50_test_observability.md
 create mode 100644 .ai-brain/02_MODULES/DEP-044_psych/51_devops_runbook.md
 create mode 100644 .ai-brain/02_MODULES/DEP-045_psychol/50_test_observability.md
 create mode 100644 .ai-brain/02_MODULES/DEP-045_psychol/51_devops_runbook.md
 create mode 100644 .ai-brain/02_MODULES/DEP-046_pt/50_test_observability.md
 create mode 100644 .ai-brain/02_MODULES/DEP-046_pt/51_devops_runbook.md
 create mode 100644 .ai-brain/02_MODULES/DEP-047_ot/50_test_observability.md
 create mode 100644 .ai-brain/02_MODULES/DEP-047_ot/51_devops_runbook.md
 create mode 100644 .ai-brain/02_MODULES/DEP-048_medOnc/50_test_observability.md
 create mode 100644 .ai-brain/02_MODULES/DEP-048_medOnc/51_devops_runbook.md
 create mode 100644 .ai-brain/02_MODULES/DEP-049_radOnc/50_test_observability.md
 create mode 100644 .ai-brain/02_MODULES/DEP-049_radOnc/51_devops_runbook.md
 create mode 100644 .ai-brain/02_MODULES/DEP-050_palliative/50_test_observability.md
 create mode 100644 .ai-brain/02_MODULES/DEP-050_palliative/51_devops_runbook.md
 create mode 100644 .ai-brain/02_MODULES/DEP-051_anesth/50_test_observability.md
 create mode 100644 .ai-brain/02_MODULES/DEP-051_anesth/51_devops_runbook.md
 create mode 100644 .ai-brain/02_MODULES/DEP-052_pain/50_test_observability.md
 create mode 100644 .ai-brain/02_MODULES/DEP-052_pain/51_devops_runbook.md
 create mode 100644 .ai-brain/02_MODULES/DEP-053_pharmacy/50_test_observability.md
 create mode 100644 .ai-brain/02_MODULES/DEP-053_pharmacy/51_devops_runbook.md
 create mode 100644 .ai-brain/02_MODULES/DEP-054_inventory/50_test_observability.md
 create mode 100644 .ai-brain/02_MODULES/DEP-054_inventory/51_devops_runbook.md
 create mode 100644 .ai-brain/02_MODULES/DEP-055_finance/50_test_observability.md
 create mode 100644 .ai-brain/02_MODULES/DEP-055_finance/51_devops_runbook.md
 create mode 100644 .ai-brain/02_MODULES/DEP-056_hr/50_test_observability.md
 create mode 100644 .ai-brain/02_MODULES/DEP-056_hr/51_devops_runbook.md
 create mode 100644 .ai-brain/02_MODULES/DEP-057_billing/50_test_observability.md
 create mode 100644 .ai-brain/02_MODULES/DEP-057_billing/51_devops_runbook.md
 create mode 100644 .ai-brain/02_MODULES/DEP-058_insurance/50_test_observability.md
 create mode 100644 .ai-brain/02_MODULES/DEP-058_insurance/51_devops_runbook.md
 create mode 100644 .ai-brain/02_MODULES/DEP-059_quality/50_test_observability.md
 create mode 100644 .ai-brain/02_MODULES/DEP-059_quality/51_devops_runbook.md
 create mode 100644 .ai-brain/02_MODULES/DEP-060_facility/50_test_observability.md
 create mode 100644 .ai-brain/02_MODULES/DEP-060_facility/51_devops_runbook.md
 create mode 100644 .ai-brain/02_MODULES/DERM-001/50_test_observability.md
 create mode 100644 .ai-brain/02_MODULES/DERM-001/51_devops_runbook.md
 create mode 100644 .ai-brain/02_MODULES/DIET-001/50_test_observability.md
 create mode 100644 .ai-brain/02_MODULES/DIET-001/51_devops_runbook.md
 create mode 100644 .ai-brain/02_MODULES/ENDO-001/50_test_observability.md
 create mode 100644 .ai-brain/02_MODULES/ENDO-001/51_devops_runbook.md
 create mode 100644 .ai-brain/02_MODULES/ENT-001/50_test_observability.md
 create mode 100644 .ai-brain/02_MODULES/ENT-001/51_devops_runbook.md
 create mode 100644 .ai-brain/02_MODULES/ER-001/50_test_observability.md
 create mode 100644 .ai-brain/02_MODULES/ER-001/51_devops_runbook.md
 create mode 100644 .ai-brain/02_MODULES/ER-002/50_test_observability.md
 create mode 100644 .ai-brain/02_MODULES/ER-002/51_devops_runbook.md
 create mode 100644 .ai-brain/02_MODULES/ER-003/50_test_observability.md
 create mode 100644 .ai-brain/02_MODULES/ER-003/51_devops_runbook.md
 create mode 100644 .ai-brain/02_MODULES/ER-004/50_test_observability.md
 create mode 100644 .ai-brain/02_MODULES/ER-004/51_devops_runbook.md
 create mode 100644 .ai-brain/02_MODULES/GEN-001/50_test_observability.md
 create mode 100644 .ai-brain/02_MODULES/GEN-001/51_devops_runbook.md
 create mode 100644 .ai-brain/02_MODULES/GERI-001/50_test_observability.md
 create mode 100644 .ai-brain/02_MODULES/GERI-001/51_devops_runbook.md
 create mode 100644 .ai-brain/02_MODULES/GI-001/50_test_observability.md
 create mode 100644 .ai-brain/02_MODULES/GI-001/51_devops_runbook.md
 create mode 100644 .ai-brain/02_MODULES/HH-001/50_test_observability.md
 create mode 100644 .ai-brain/02_MODULES/HH-001/51_devops_runbook.md
 create mode 100644 .ai-brain/02_MODULES/ID-001/50_test_observability.md
 create mode 100644 .ai-brain/02_MODULES/ID-001/51_devops_runbook.md
 create mode 100644 .ai-brain/02_MODULES/LAB-001/50_test_observability.md
 create mode 100644 .ai-brain/02_MODULES/LAB-001/51_devops_runbook.md
 create mode 100644 .ai-brain/02_MODULES/MICU/50_test_observability.md
 create mode 100644 .ai-brain/02_MODULES/MICU/51_devops_runbook.md
 create mode 100644 .ai-brain/02_MODULES/NEPH-001/50_test_observability.md
 create mode 100644 .ai-brain/02_MODULES/NEPH-001/51_devops_runbook.md
 create mode 100644 .ai-brain/02_MODULES/NEUROS-001/50_test_observability.md
 create mode 100644 .ai-brain/02_MODULES/NEUROS-001/51_devops_runbook.md
 create mode 100644 .ai-brain/02_MODULES/NNICU/50_test_observability.md
 create mode 100644 .ai-brain/02_MODULES/NNICU/51_devops_runbook.md
 create mode 100644 .ai-brain/02_MODULES/OBG-001/50_test_observability.md
 create mode 100644 .ai-brain/02_MODULES/OBG-001/51_devops_runbook.md
 create mode 100644 .ai-brain/02_MODULES/OBG-002/50_test_observability.md
 create mode 100644 .ai-brain/02_MODULES/OBG-002/51_devops_runbook.md
 create mode 100644 .ai-brain/02_MODULES/ONC-001/50_test_observability.md
 create mode 100644 .ai-brain/02_MODULES/ONC-001/51_devops_runbook.md
 create mode 100644 .ai-brain/02_MODULES/OPHTH-001/50_test_observability.md
 create mode 100644 .ai-brain/02_MODULES/OPHTH-001/51_devops_runbook.md
 create mode 100644 .ai-brain/02_MODULES/ORTHO-001/50_test_observability.md
 create mode 100644 .ai-brain/02_MODULES/ORTHO-001/51_devops_runbook.md
 create mode 100644 .ai-brain/02_MODULES/PACU/50_test_observability.md
 create mode 100644 .ai-brain/02_MODULES/PACU/51_devops_runbook.md
 create mode 100644 .ai-brain/02_MODULES/PAIN-001/50_test_observability.md
 create mode 100644 .ai-brain/02_MODULES/PAIN-001/51_devops_runbook.md
 create mode 100644 .ai-brain/02_MODULES/PATH-001/50_test_observability.md
 create mode 100644 .ai-brain/02_MODULES/PATH-001/51_devops_runbook.md
 create mode 100644 .ai-brain/02_MODULES/PEDS-001/50_test_observability.md
 create mode 100644 .ai-brain/02_MODULES/PEDS-001/51_devops_runbook.md
 create mode 100644 .ai-brain/02_MODULES/PEDS-002/50_test_observability.md
 create mode 100644 .ai-brain/02_MODULES/PEDS-002/51_devops_runbook.md
 create mode 100644 .ai-brain/02_MODULES/PHARM-001/50_test_observability.md
 create mode 100644 .ai-brain/02_MODULES/PHARM-001/51_devops_runbook.md
 create mode 100644 .ai-brain/02_MODULES/PICU/50_test_observability.md
 create mode 100644 .ai-brain/02_MODULES/PICU/51_devops_runbook.md
 create mode 100644 .ai-brain/02_MODULES/PLAST-001/50_test_observability.md
 create mode 100644 .ai-brain/02_MODULES/PLAST-001/51_devops_runbook.md
 create mode 100644 .ai-brain/02_MODULES/PREV-001/50_test_observability.md
 create mode 100644 .ai-brain/02_MODULES/PREV-001/51_devops_runbook.md
 create mode 100644 .ai-brain/02_MODULES/PSYCH-001/50_test_observability.md
 create mode 100644 .ai-brain/02_MODULES/PSYCH-001/51_devops_runbook.md
 create mode 100644 .ai-brain/02_MODULES/PULM-001/50_test_observability.md
 create mode 100644 .ai-brain/02_MODULES/PULM-001/51_devops_runbook.md
 create mode 100644 .ai-brain/02_MODULES/RAD-001/50_test_observability.md
 create mode 100644 .ai-brain/02_MODULES/RAD-001/51_devops_runbook.md
 create mode 100644 .ai-brain/02_MODULES/REHAB-001/50_test_observability.md
 create mode 100644 .ai-brain/02_MODULES/REHAB-001/51_devops_runbook.md
 create mode 100644 .ai-brain/02_MODULES/RHEUM-001/50_test_observability.md
 create mode 100644 .ai-brain/02_MODULES/RHEUM-001/51_devops_runbook.md
 create mode 100644 .ai-brain/02_MODULES/SICU/50_test_observability.md
 create mode 100644 .ai-brain/02_MODULES/SICU/51_devops_runbook.md
 create mode 100644 .ai-brain/02_MODULES/SLEEP-001/50_test_observability.md
 create mode 100644 .ai-brain/02_MODULES/SLEEP-001/51_devops_runbook.md
 create mode 100644 .ai-brain/02_MODULES/SOC-001/50_test_observability.md
 create mode 100644 .ai-brain/02_MODULES/SOC-001/51_devops_runbook.md
 create mode 100644 .ai-brain/02_MODULES/SPM-001/50_test_observability.md
 create mode 100644 .ai-brain/02_MODULES/SPM-001/51_devops_runbook.md
 create mode 100644 .ai-brain/02_MODULES/SURG-001/50_test_observability.md
 create mode 100644 .ai-brain/02_MODULES/SURG-001/51_devops_runbook.md
 create mode 100644 .ai-brain/02_MODULES/SURG-002/50_test_observability.md
 create mode 100644 .ai-brain/02_MODULES/SURG-002/51_devops_runbook.md
 create mode 100644 .ai-brain/02_MODULES/SURG-003/50_test_observability.md
 create mode 100644 .ai-brain/02_MODULES/SURG-003/51_devops_runbook.md
 create mode 100644 .ai-brain/02_MODULES/SURG-004/50_test_observability.md
 create mode 100644 .ai-brain/02_MODULES/SURG-004/51_devops_runbook.md
 create mode 100644 .ai-brain/02_MODULES/SURG-005/50_test_observability.md
 create mode 100644 .ai-brain/02_MODULES/SURG-005/51_devops_runbook.md
 create mode 100644 .ai-brain/02_MODULES/SURG-006/50_test_observability.md
 create mode 100644 .ai-brain/02_MODULES/SURG-006/51_devops_runbook.md
 create mode 100644 .ai-brain/02_MODULES/SURG-007/50_test_observability.md
 create mode 100644 .ai-brain/02_MODULES/SURG-007/51_devops_runbook.md
 create mode 100644 .ai-brain/02_MODULES/SURG-008/50_test_observability.md
 create mode 100644 .ai-brain/02_MODULES/SURG-008/51_devops_runbook.md
 create mode 100644 .ai-brain/02_MODULES/SURG-009/50_test_observability.md
 create mode 100644 .ai-brain/02_MODULES/SURG-009/51_devops_runbook.md
 create mode 100644 .ai-brain/02_MODULES/SURG-010/50_test_observability.md
 create mode 100644 .ai-brain/02_MODULES/SURG-010/51_devops_runbook.md
 create mode 100644 .ai-brain/02_MODULES/SURG-011/50_test_observability.md
 create mode 100644 .ai-brain/02_MODULES/SURG-011/51_devops_runbook.md
 create mode 100644 .ai-brain/02_MODULES/SURG-012/50_test_observability.md
 create mode 100644 .ai-brain/02_MODULES/SURG-012/51_devops_runbook.md
 create mode 100644 .ai-brain/02_MODULES/TRMED-001/50_test_observability.md
 create mode 100644 .ai-brain/02_MODULES/TRMED-001/51_devops_runbook.md
 create mode 100644 .ai-brain/02_MODULES/URO-001/50_test_observability.md
 create mode 100644 .ai-brain/02_MODULES/URO-001/51_devops_runbook.md
 create mode 100644 .ai-brain/02_MODULES/VAS-001/50_test_observability.md
 create mode 100644 .ai-brain/02_MODULES/VAS-001/51_devops_runbook.md
