[ops/jumanasoft-enterprise-facility-platform-staging-prep a41ded76] ai-brain(modules): add 9 missing 44-bucket artifacts across 122 departments
 1098 files changed, 71980 insertions(+)
 create mode 100644 .ai-brain/02_MODULES/ALGY-001/36_seo_plan.md
 create mode 100644 .ai-brain/02_MODULES/ALGY-001/37_helpdesk_plan.md
 create mode 100644 .ai-brain/02_MODULES/ALGY-001/38_apm_logging.md
 create mode 100644 .ai-brain/02_MODULES/ALGY-001/39_user_analytics.md
 create mode 100644 .ai-brain/02_MODULES/ALGY-001/40_llm_observability.md
 create mode 100644 .ai-brain/02_MODULES/ALGY-001/41_auth_sso.md
 create mode 100644 .ai-brain/02_MODULES/ALGY-001/42_rbac_matrix.md
 create mode 100644 .ai-brain/02_MODULES/ALGY-001/43_pentest_plan.md
 create mode 100644 .ai-brain/02_MODULES/ALGY-001/44_stitch_google.html
 create mode 100644 .ai-brain/02_MODULES/ANES-001/36_seo_plan.md
 create mode 100644 .ai-brain/02_MODULES/ANES-001/37_helpdesk_plan.md
 create mode 100644 .ai-brain/02_MODULES/ANES-001/38_apm_logging.md
 create mode 100644 .ai-brain/02_MODULES/ANES-001/39_user_analytics.md
 create mode 100644 .ai-brain/02_MODULES/ANES-001/40_llm_observability.md
 create mode 100644 .ai-brain/02_MODULES/ANES-001/41_auth_sso.md
 create mode 100644 .ai-brain/02_MODULES/ANES-001/42_rbac_matrix.md
 create mode 100644 .ai-brain/02_MODULES/ANES-001/43_pentest_plan.md
 create mode 100644 .ai-brain/02_MODULES/ANES-001/44_stitch_google.html
 create mode 100644 .ai-brain/02_MODULES/CARD-001/36_seo_plan.md
 create mode 100644 .ai-brain/02_MODULES/CARD-001/37_helpdesk_plan.md
 create mode 100644 .ai-brain/02_MODULES/CARD-001/38_apm_logging.md
 create mode 100644 .ai-brain/02_MODULES/CARD-001/39_user_analytics.md
 create mode 100644 .ai-brain/02_MODULES/CARD-001/40_llm_observability.md
 create mode 100644 .ai-brain/02_MODULES/CARD-001/41_auth_sso.md
 create mode 100644 .ai-brain/02_MODULES/CARD-001/42_rbac_matrix.md
 create mode 100644 .ai-brain/02_MODULES/CARD-001/43_pentest_plan.md
 create mode 100644 .ai-brain/02_MODULES/CARD-001/44_stitch_google.html
 create mode 100644 .ai-brain/02_MODULES/CCU/36_seo_plan.md
 create mode 100644 .ai-brain/02_MODULES/CCU/37_helpdesk_plan.md
 create mode 100644 .ai-brain/02_MODULES/CCU/38_apm_logging.md
 create mode 100644 .ai-brain/02_MODULES/CCU/39_user_analytics.md
 create mode 100644 .ai-brain/02_MODULES/CCU/40_llm_observability.md
 create mode 100644 .ai-brain/02_MODULES/CCU/41_auth_sso.md
 create mode 100644 .ai-brain/02_MODULES/CCU/42_rbac_matrix.md
 create mode 100644 .ai-brain/02_MODULES/CCU/43_pentest_plan.md
 create mode 100644 .ai-brain/02_MODULES/CCU/44_stitch_google.html
 create mode 100644 .ai-brain/02_MODULES/CTS-001/36_seo_plan.md
 create mode 100644 .ai-brain/02_MODULES/CTS-001/37_helpdesk_plan.md
 create mode 100644 .ai-brain/02_MODULES/CTS-001/38_apm_logging.md
 create mode 100644 .ai-brain/02_MODULES/CTS-001/39_user_analytics.md
 create mode 100644 .ai-brain/02_MODULES/CTS-001/40_llm_observability.md
 create mode 100644 .ai-brain/02_MODULES/CTS-001/41_auth_sso.md
 create mode 100644 .ai-brain/02_MODULES/CTS-001/42_rbac_matrix.md
 create mode 100644 .ai-brain/02_MODULES/CTS-001/43_pentest_plan.md
 create mode 100644 .ai-brain/02_MODULES/CTS-001/44_stitch_google.html
 create mode 100644 .ai-brain/02_MODULES/DENT-001/36_seo_plan.md
 create mode 100644 .ai-brain/02_MODULES/DENT-001/37_helpdesk_plan.md
 create mode 100644 .ai-brain/02_MODULES/DENT-001/38_apm_logging.md
 create mode 100644 .ai-brain/02_MODULES/DENT-001/39_user_analytics.md
 create mode 100644 .ai-brain/02_MODULES/DENT-001/40_llm_observability.md
 create mode 100644 .ai-brain/02_MODULES/DENT-001/41_auth_sso.md
 create mode 100644 .ai-brain/02_MODULES/DENT-001/42_rbac_matrix.md
 create mode 100644 .ai-brain/02_MODULES/DENT-001/43_pentest_plan.md
 create mode 100644 .ai-brain/02_MODULES/DENT-001/44_stitch_google.html
 create mode 100644 .ai-brain/02_MODULES/DEP-001_cardiology/36_seo_plan.md
 create mode 100644 .ai-brain/02_MODULES/DEP-001_cardiology/37_helpdesk_plan.md
 create mode 100644 .ai-brain/02_MODULES/DEP-001_cardiology/38_apm_logging.md
 create mode 100644 .ai-brain/02_MODULES/DEP-001_cardiology/39_user_analytics.md
 create mode 100644 .ai-brain/02_MODULES/DEP-001_cardiology/40_llm_observability.md
 create mode 100644 .ai-brain/02_MODULES/DEP-001_cardiology/41_auth_sso.md
 create mode 100644 .ai-brain/02_MODULES/DEP-001_cardiology/42_rbac_matrix.md
 create mode 100644 .ai-brain/02_MODULES/DEP-001_cardiology/43_pentest_plan.md
 create mode 100644 .ai-brain/02_MODULES/DEP-001_cardiology/44_stitch_google.html
 create mode 100644 .ai-brain/02_MODULES/DEP-002_endocrinology/36_seo_plan.md
 create mode 100644 .ai-brain/02_MODULES/DEP-002_endocrinology/37_helpdesk_plan.md
 create mode 100644 .ai-brain/02_MODULES/DEP-002_endocrinology/38_apm_logging.md
 create mode 100644 .ai-brain/02_MODULES/DEP-002_endocrinology/39_user_analytics.md
 create mode 100644 .ai-brain/02_MODULES/DEP-002_endocrinology/40_llm_observability.md
 create mode 100644 .ai-brain/02_MODULES/DEP-002_endocrinology/41_auth_sso.md
 create mode 100644 .ai-brain/02_MODULES/DEP-002_endocrinology/42_rbac_matrix.md
 create mode 100644 .ai-brain/02_MODULES/DEP-002_endocrinology/43_pentest_plan.md
 create mode 100644 .ai-brain/02_MODULES/DEP-002_endocrinology/44_stitch_google.html
 create mode 100644 .ai-brain/02_MODULES/DEP-003_gastroenterology/36_seo_plan.md
 create mode 100644 .ai-brain/02_MODULES/DEP-003_gastroenterology/37_helpdesk_plan.md
 create mode 100644 .ai-brain/02_MODULES/DEP-003_gastroenterology/38_apm_logging.md
 create mode 100644 .ai-brain/02_MODULES/DEP-003_gastroenterology/39_user_analytics.md
 create mode 100644 .ai-brain/02_MODULES/DEP-003_gastroenterology/40_llm_observability.md
 create mode 100644 .ai-brain/02_MODULES/DEP-003_gastroenterology/41_auth_sso.md
 create mode 100644 .ai-brain/02_MODULES/DEP-003_gastroenterology/42_rbac_matrix.md
 create mode 100644 .ai-brain/02_MODULES/DEP-003_gastroenterology/43_pentest_plan.md
 create mode 100644 .ai-brain/02_MODULES/DEP-003_gastroenterology/44_stitch_google.html
 create mode 100644 .ai-brain/02_MODULES/DEP-004_hemOnc/36_seo_plan.md
 create mode 100644 .ai-brain/02_MODULES/DEP-004_hemOnc/37_helpdesk_plan.md
 create mode 100644 .ai-brain/02_MODULES/DEP-004_hemOnc/38_apm_logging.md
 create mode 100644 .ai-brain/02_MODULES/DEP-004_hemOnc/39_user_analytics.md
 create mode 100644 .ai-brain/02_MODULES/DEP-004_hemOnc/40_llm_observability.md
 create mode 100644 .ai-brain/02_MODULES/DEP-004_hemOnc/41_auth_sso.md
 create mode 100644 .ai-brain/02_MODULES/DEP-004_hemOnc/42_rbac_matrix.md
 create mode 100644 .ai-brain/02_MODULES/DEP-004_hemOnc/43_pentest_plan.md
 create mode 100644 .ai-brain/02_MODULES/DEP-004_hemOnc/44_stitch_google.html
 create mode 100644 .ai-brain/02_MODULES/DEP-005_nephrology/36_seo_plan.md
 create mode 100644 .ai-brain/02_MODULES/DEP-005_nephrology/37_helpdesk_plan.md
 create mode 100644 .ai-brain/02_MODULES/DEP-005_nephrology/38_apm_logging.md
 create mode 100644 .ai-brain/02_MODULES/DEP-005_nephrology/39_user_analytics.md
 create mode 100644 .ai-brain/02_MODULES/DEP-005_nephrology/40_llm_observability.md
 create mode 100644 .ai-brain/02_MODULES/DEP-005_nephrology/41_auth_sso.md
 create mode 100644 .ai-brain/02_MODULES/DEP-005_nephrology/42_rbac_matrix.md
 create mode 100644 .ai-brain/02_MODULES/DEP-005_nephrology/43_pentest_plan.md
 create mode 100644 .ai-brain/02_MODULES/DEP-005_nephrology/44_stitch_google.html
 create mode 100644 .ai-brain/02_MODULES/DEP-006_pulmonology/36_seo_plan.md
 create mode 100644 .ai-brain/02_MODULES/DEP-006_pulmonology/37_helpdesk_plan.md
 create mode 100644 .ai-brain/02_MODULES/DEP-006_pulmonology/38_apm_logging.md
 create mode 100644 .ai-brain/02_MODULES/DEP-006_pulmonology/39_user_analytics.md
 create mode 100644 .ai-brain/02_MODULES/DEP-006_pulmonology/40_llm_observability.md
 create mode 100644 .ai-brain/02_MODULES/DEP-006_pulmonology/41_auth_sso.md
 create mode 100644 .ai-brain/02_MODULES/DEP-006_pulmonology/42_rbac_matrix.md
 create mode 100644 .ai-brain/02_MODULES/DEP-006_pulmonology/43_pentest_plan.md
 create mode 100644 .ai-brain/02_MODULES/DEP-006_pulmonology/44_stitch_google.html
 create mode 100644 .ai-brain/02_MODULES/DEP-007_rheumatology/36_seo_plan.md
 create mode 100644 .ai-brain/02_MODULES/DEP-007_rheumatology/37_helpdesk_plan.md
 create mode 100644 .ai-brain/02_MODULES/DEP-007_rheumatology/38_apm_logging.md
 create mode 100644 .ai-brain/02_MODULES/DEP-007_rheumatology/39_user_analytics.md
 create mode 100644 .ai-brain/02_MODULES/DEP-007_rheumatology/40_llm_observability.md
 create mode 100644 .ai-brain/02_MODULES/DEP-007_rheumatology/41_auth_sso.md
 create mode 100644 .ai-brain/02_MODULES/DEP-007_rheumatology/42_rbac_matrix.md
 create mode 100644 .ai-brain/02_MODULES/DEP-007_rheumatology/43_pentest_plan.md
 create mode 100644 .ai-brain/02_MODULES/DEP-007_rheumatology/44_stitch_google.html
 create mode 100644 .ai-brain/02_MODULES/DEP-008_infectious/36_seo_plan.md
 create mode 100644 .ai-brain/02_MODULES/DEP-008_infectious/37_helpdesk_plan.md
 create mode 100644 .ai-brain/02_MODULES/DEP-008_infectious/38_apm_logging.md
 create mode 100644 .ai-brain/02_MODULES/DEP-008_infectious/39_user_analytics.md
 create mode 100644 .ai-brain/02_MODULES/DEP-008_infectious/40_llm_observability.md
 create mode 100644 .ai-brain/02_MODULES/DEP-008_infectious/41_auth_sso.md
 create mode 100644 .ai-brain/02_MODULES/DEP-008_infectious/42_rbac_matrix.md
 create mode 100644 .ai-brain/02_MODULES/DEP-008_infectious/43_pentest_plan.md
 create mode 100644 .ai-brain/02_MODULES/DEP-008_infectious/44_stitch_google.html
 create mode 100644 .ai-brain/02_MODULES/DEP-009_dermatology/36_seo_plan.md
 create mode 100644 .ai-brain/02_MODULES/DEP-009_dermatology/37_helpdesk_plan.md
 create mode 100644 .ai-brain/02_MODULES/DEP-009_dermatology/38_apm_logging.md
 create mode 100644 .ai-brain/02_MODULES/DEP-009_dermatology/39_user_analytics.md
 create mode 100644 .ai-brain/02_MODULES/DEP-009_dermatology/40_llm_observability.md
 create mode 100644 .ai-brain/02_MODULES/DEP-009_dermatology/41_auth_sso.md
 create mode 100644 .ai-brain/02_MODULES/DEP-009_dermatology/42_rbac_matrix.md
 create mode 100644 .ai-brain/02_MODULES/DEP-009_dermatology/43_pentest_plan.md
 create mode 100644 .ai-brain/02_MODULES/DEP-009_dermatology/44_stitch_google.html
 create mode 100644 .ai-brain/02_MODULES/DEP-010_allergy/36_seo_plan.md
 create mode 100644 .ai-brain/02_MODULES/DEP-010_allergy/37_helpdesk_plan.md
 create mode 100644 .ai-brain/02_MODULES/DEP-010_allergy/38_apm_logging.md
 create mode 100644 .ai-brain/02_MODULES/DEP-010_allergy/39_user_analytics.md
 create mode 100644 .ai-brain/02_MODULES/DEP-010_allergy/40_llm_observability.md
 create mode 100644 .ai-brain/02_MODULES/DEP-010_allergy/41_auth_sso.md
 create mode 100644 .ai-brain/02_MODULES/DEP-010_allergy/42_rbac_matrix.md
 create mode 100644 .ai-brain/02_MODULES/DEP-010_allergy/43_pentest_plan.md
 create mode 100644 .ai-brain/02_MODULES/DEP-010_allergy/44_stitch_google.html
 create mode 100644 .ai-brain/02_MODULES/DEP-011_genSurg/36_seo_plan.md
 create mode 100644 .ai-brain/02_MODULES/DEP-011_genSurg/37_helpdesk_plan.md
 create mode 100644 .ai-brain/02_MODULES/DEP-011_genSurg/38_apm_logging.md
 create mode 100644 .ai-brain/02_MODULES/DEP-011_genSurg/39_user_analytics.md
 create mode 100644 .ai-brain/02_MODULES/DEP-011_genSurg/40_llm_observability.md
 create mode 100644 .ai-brain/02_MODULES/DEP-011_genSurg/41_auth_sso.md
 create mode 100644 .ai-brain/02_MODULES/DEP-011_genSurg/42_rbac_matrix.md
 create mode 100644 .ai-brain/02_MODULES/DEP-011_genSurg/43_pentest_plan.md
 create mode 100644 .ai-brain/02_MODULES/DEP-011_genSurg/44_stitch_google.html
 create mode 100644 .ai-brain/02_MODULES/DEP-012_ortho/36_seo_plan.md
 create mode 100644 .ai-brain/02_MODULES/DEP-012_ortho/37_helpdesk_plan.md
 create mode 100644 .ai-brain/02_MODULES/DEP-012_ortho/38_apm_logging.md
 create mode 100644 .ai-brain/02_MODULES/DEP-012_ortho/39_user_analytics.md
 create mode 100644 .ai-brain/02_MODULES/DEP-012_ortho/40_llm_observability.md
 create mode 100644 .ai-brain/02_MODULES/DEP-012_ortho/41_auth_sso.md
 create mode 100644 .ai-brain/02_MODULES/DEP-012_ortho/42_rbac_matrix.md
 create mode 100644 .ai-brain/02_MODULES/DEP-012_ortho/43_pentest_plan.md
 create mode 100644 .ai-brain/02_MODULES/DEP-012_ortho/44_stitch_google.html
 create mode 100644 .ai-brain/02_MODULES/DEP-013_neuroSurg/36_seo_plan.md
 create mode 100644 .ai-brain/02_MODULES/DEP-013_neuroSurg/37_helpdesk_plan.md
 create mode 100644 .ai-brain/02_MODULES/DEP-013_neuroSurg/38_apm_logging.md
 create mode 100644 .ai-brain/02_MODULES/DEP-013_neuroSurg/39_user_analytics.md
 create mode 100644 .ai-brain/02_MODULES/DEP-013_neuroSurg/40_llm_observability.md
 create mode 100644 .ai-brain/02_MODULES/DEP-013_neuroSurg/41_auth_sso.md
 create mode 100644 .ai-brain/02_MODULES/DEP-013_neuroSurg/42_rbac_matrix.md
 create mode 100644 .ai-brain/02_MODULES/DEP-013_neuroSurg/43_pentest_plan.md
 create mode 100644 .ai-brain/02_MODULES/DEP-013_neuroSurg/44_stitch_google.html
 create mode 100644 .ai-brain/02_MODULES/DEP-014_cardioTh/36_seo_plan.md
 create mode 100644 .ai-brain/02_MODULES/DEP-014_cardioTh/37_helpdesk_plan.md
 create mode 100644 .ai-brain/02_MODULES/DEP-014_cardioTh/38_apm_logging.md
 create mode 100644 .ai-brain/02_MODULES/DEP-014_cardioTh/39_user_analytics.md
 create mode 100644 .ai-brain/02_MODULES/DEP-014_cardioTh/40_llm_observability.md
 create mode 100644 .ai-brain/02_MODULES/DEP-014_cardioTh/41_auth_sso.md
 create mode 100644 .ai-brain/02_MODULES/DEP-014_cardioTh/42_rbac_matrix.md
 create mode 100644 .ai-brain/02_MODULES/DEP-014_cardioTh/43_pentest_plan.md
 create mode 100644 .ai-brain/02_MODULES/DEP-014_cardioTh/44_stitch_google.html
 create mode 100644 .ai-brain/02_MODULES/DEP-015_ent/36_seo_plan.md
 create mode 100644 .ai-brain/02_MODULES/DEP-015_ent/37_helpdesk_plan.md
 create mode 100644 .ai-brain/02_MODULES/DEP-015_ent/38_apm_logging.md
 create mode 100644 .ai-brain/02_MODULES/DEP-015_ent/39_user_analytics.md
 create mode 100644 .ai-brain/02_MODULES/DEP-015_ent/40_llm_observability.md
 create mode 100644 .ai-brain/02_MODULES/DEP-015_ent/41_auth_sso.md
 create mode 100644 .ai-brain/02_MODULES/DEP-015_ent/42_rbac_matrix.md
 create mode 100644 .ai-brain/02_MODULES/DEP-015_ent/43_pentest_plan.md
 create mode 100644 .ai-brain/02_MODULES/DEP-015_ent/44_stitch_google.html
 create mode 100644 .ai-brain/02_MODULES/DEP-016_ophth/36_seo_plan.md
 create mode 100644 .ai-brain/02_MODULES/DEP-016_ophth/37_helpdesk_plan.md
 create mode 100644 .ai-brain/02_MODULES/DEP-016_ophth/38_apm_logging.md
 create mode 100644 .ai-brain/02_MODULES/DEP-016_ophth/39_user_analytics.md
 create mode 100644 .ai-brain/02_MODULES/DEP-016_ophth/40_llm_observability.md
 create mode 100644 .ai-brain/02_MODULES/DEP-016_ophth/41_auth_sso.md
 create mode 100644 .ai-brain/02_MODULES/DEP-016_ophth/42_rbac_matrix.md
 create mode 100644 .ai-brain/02_MODULES/DEP-016_ophth/43_pentest_plan.md
 create mode 100644 .ai-brain/02_MODULES/DEP-016_ophth/44_stitch_google.html
 create mode 100644 .ai-brain/02_MODULES/DEP-017_uro/36_seo_plan.md
 create mode 100644 .ai-brain/02_MODULES/DEP-017_uro/37_helpdesk_plan.md
 create mode 100644 .ai-brain/02_MODULES/DEP-017_uro/38_apm_logging.md
 create mode 100644 .ai-brain/02_MODULES/DEP-017_uro/39_user_analytics.md
 create mode 100644 .ai-brain/02_MODULES/DEP-017_uro/40_llm_observability.md
 create mode 100644 .ai-brain/02_MODULES/DEP-017_uro/41_auth_sso.md
 create mode 100644 .ai-brain/02_MODULES/DEP-017_uro/42_rbac_matrix.md
 create mode 100644 .ai-brain/02_MODULES/DEP-017_uro/43_pentest_plan.md
 create mode 100644 .ai-brain/02_MODULES/DEP-017_uro/44_stitch_google.html
 create mode 100644 .ai-brain/02_MODULES/DEP-018_plastic/36_seo_plan.md
 create mode 100644 .ai-brain/02_MODULES/DEP-018_plastic/37_helpdesk_plan.md
 create mode 100644 .ai-brain/02_MODULES/DEP-018_plastic/38_apm_logging.md
 create mode 100644 .ai-brain/02_MODULES/DEP-018_plastic/39_user_analytics.md
 create mode 100644 .ai-brain/02_MODULES/DEP-018_plastic/40_llm_observability.md
 create mode 100644 .ai-brain/02_MODULES/DEP-018_plastic/41_auth_sso.md
 create mode 100644 .ai-brain/02_MODULES/DEP-018_plastic/42_rbac_matrix.md
 create mode 100644 .ai-brain/02_MODULES/DEP-018_plastic/43_pentest_plan.md
 create mode 100644 .ai-brain/02_MODULES/DEP-018_plastic/44_stitch_google.html
 create mode 100644 .ai-brain/02_MODULES/DEP-019_vascular/36_seo_plan.md
 create mode 100644 .ai-brain/02_MODULES/DEP-019_vascular/37_helpdesk_plan.md
 create mode 100644 .ai-brain/02_MODULES/DEP-019_vascular/38_apm_logging.md
 create mode 100644 .ai-brain/02_MODULES/DEP-019_vascular/39_user_analytics.md
 create mode 100644 .ai-brain/02_MODULES/DEP-019_vascular/40_llm_observability.md
 create mode 100644 .ai-brain/02_MODULES/DEP-019_vascular/41_auth_sso.md
 create mode 100644 .ai-brain/02_MODULES/DEP-019_vascular/42_rbac_matrix.md
 create mode 100644 .ai-brain/02_MODULES/DEP-019_vascular/43_pentest_plan.md
 create mode 100644 .ai-brain/02_MODULES/DEP-019_vascular/44_stitch_google.html
 create mode 100644 .ai-brain/02_MODULES/DEP-020_transplant/36_seo_plan.md
 create mode 100644 .ai-brain/02_MODULES/DEP-020_transplant/37_helpdesk_plan.md
 create mode 100644 .ai-brain/02_MODULES/DEP-020_transplant/38_apm_logging.md
 create mode 100644 .ai-brain/02_MODULES/DEP-020_transplant/39_user_analytics.md
 create mode 100644 .ai-brain/02_MODULES/DEP-020_transplant/40_llm_observability.md
 create mode 100644 .ai-brain/02_MODULES/DEP-020_transplant/41_auth_sso.md
 create mode 100644 .ai-brain/02_MODULES/DEP-020_transplant/42_rbac_matrix.md
 create mode 100644 .ai-brain/02_MODULES/DEP-020_transplant/43_pentest_plan.md
 create mode 100644 .ai-brain/02_MODULES/DEP-020_transplant/44_stitch_google.html
 create mode 100644 .ai-brain/02_MODULES/DEP-021_emergency/36_seo_plan.md
 create mode 100644 .ai-brain/02_MODULES/DEP-021_emergency/37_helpdesk_plan.md
 create mode 100644 .ai-brain/02_MODULES/DEP-021_emergency/38_apm_logging.md
 create mode 100644 .ai-brain/02_MODULES/DEP-021_emergency/39_user_analytics.md
 create mode 100644 .ai-brain/02_MODULES/DEP-021_emergency/40_llm_observability.md
 create mode 100644 .ai-brain/02_MODULES/DEP-021_emergency/41_auth_sso.md
 create mode 100644 .ai-brain/02_MODULES/DEP-021_emergency/42_rbac_matrix.md
 create mode 100644 .ai-brain/02_MODULES/DEP-021_emergency/43_pentest_plan.md
 create mode 100644 .ai-brain/02_MODULES/DEP-021_emergency/44_stitch_google.html
 create mode 100644 .ai-brain/02_MODULES/DEP-022_icu/36_seo_plan.md
 create mode 100644 .ai-brain/02_MODULES/DEP-022_icu/37_helpdesk_plan.md
 create mode 100644 .ai-brain/02_MODULES/DEP-022_icu/38_apm_logging.md
 create mode 100644 .ai-brain/02_MODULES/DEP-022_icu/39_user_analytics.md
 create mode 100644 .ai-brain/02_MODULES/DEP-022_icu/40_llm_observability.md
 create mode 100644 .ai-brain/02_MODULES/DEP-022_icu/41_auth_sso.md
 create mode 100644 .ai-brain/02_MODULES/DEP-022_icu/42_rbac_matrix.md
 create mode 100644 .ai-brain/02_MODULES/DEP-022_icu/43_pentest_plan.md
 create mode 100644 .ai-brain/02_MODULES/DEP-022_icu/44_stitch_google.html
 create mode 100644 .ai-brain/02_MODULES/DEP-023_nicu/36_seo_plan.md
 create mode 100644 .ai-brain/02_MODULES/DEP-023_nicu/37_helpdesk_plan.md
 create mode 100644 .ai-brain/02_MODULES/DEP-023_nicu/38_apm_logging.md
 create mode 100644 .ai-brain/02_MODULES/DEP-023_nicu/39_user_analytics.md
 create mode 100644 .ai-brain/02_MODULES/DEP-023_nicu/40_llm_observability.md
 create mode 100644 .ai-brain/02_MODULES/DEP-023_nicu/41_auth_sso.md
 create mode 100644 .ai-brain/02_MODULES/DEP-023_nicu/42_rbac_matrix.md
 create mode 100644 .ai-brain/02_MODULES/DEP-023_nicu/43_pentest_plan.md
 create mode 100644 .ai-brain/02_MODULES/DEP-023_nicu/44_stitch_google.html
 create mode 100644 .ai-brain/02_MODULES/DEP-024_picu/36_seo_plan.md
 create mode 100644 .ai-brain/02_MODULES/DEP-024_picu/37_helpdesk_plan.md
 create mode 100644 .ai-brain/02_MODULES/DEP-024_picu/38_apm_logging.md
 create mode 100644 .ai-brain/02_MODULES/DEP-024_picu/39_user_analytics.md
 create mode 100644 .ai-brain/02_MODULES/DEP-024_picu/40_llm_observability.md
 create mode 100644 .ai-brain/02_MODULES/DEP-024_picu/41_auth_sso.md
 create mode 100644 .ai-brain/02_MODULES/DEP-024_picu/42_rbac_matrix.md
 create mode 100644 .ai-brain/02_MODULES/DEP-024_picu/43_pentest_plan.md
 create mode 100644 .ai-brain/02_MODULES/DEP-024_picu/44_stitch_google.html
 create mode 100644 .ai-brain/02_MODULES/DEP-025_pacu/36_seo_plan.md
 create mode 100644 .ai-brain/02_MODULES/DEP-025_pacu/37_helpdesk_plan.md
 create mode 100644 .ai-brain/02_MODULES/DEP-025_pacu/38_apm_logging.md
 create mode 100644 .ai-brain/02_MODULES/DEP-025_pacu/39_user_analytics.md
 create mode 100644 .ai-brain/02_MODULES/DEP-025_pacu/40_llm_observability.md
 create mode 100644 .ai-brain/02_MODULES/DEP-025_pacu/41_auth_sso.md
 create mode 100644 .ai-brain/02_MODULES/DEP-025_pacu/42_rbac_matrix.md
 create mode 100644 .ai-brain/02_MODULES/DEP-025_pacu/43_pentest_plan.md
 create mode 100644 .ai-brain/02_MODULES/DEP-025_pacu/44_stitch_google.html
 create mode 100644 .ai-brain/02_MODULES/DEP-026_peds/36_seo_plan.md
 create mode 100644 .ai-brain/02_MODULES/DEP-026_peds/37_helpdesk_plan.md
 create mode 100644 .ai-brain/02_MODULES/DEP-026_peds/38_apm_logging.md
 create mode 100644 .ai-brain/02_MODULES/DEP-026_peds/39_user_analytics.md
 create mode 100644 .ai-brain/02_MODULES/DEP-026_peds/40_llm_observability.md
 create mode 100644 .ai-brain/02_MODULES/DEP-026_peds/41_auth_sso.md
 create mode 100644 .ai-brain/02_MODULES/DEP-026_peds/42_rbac_matrix.md
 create mode 100644 .ai-brain/02_MODULES/DEP-026_peds/43_pentest_plan.md
 create mode 100644 .ai-brain/02_MODULES/DEP-026_peds/44_stitch_google.html
 create mode 100644 .ai-brain/02_MODULES/DEP-027_neonate/36_seo_plan.md
 create mode 100644 .ai-brain/02_MODULES/DEP-027_neonate/37_helpdesk_plan.md
 create mode 100644 .ai-brain/02_MODULES/DEP-027_neonate/38_apm_logging.md
 create mode 100644 .ai-brain/02_MODULES/DEP-027_neonate/39_user_analytics.md
 create mode 100644 .ai-brain/02_MODULES/DEP-027_neonate/40_llm_observability.md
 create mode 100644 .ai-brain/02_MODULES/DEP-027_neonate/41_auth_sso.md
 create mode 100644 .ai-brain/02_MODULES/DEP-027_neonate/42_rbac_matrix.md
 create mode 100644 .ai-brain/02_MODULES/DEP-027_neonate/43_pentest_plan.md
 create mode 100644 .ai-brain/02_MODULES/DEP-027_neonate/44_stitch_google.html
 create mode 100644 .ai-brain/02_MODULES/DEP-028_pedsCard/36_seo_plan.md
 create mode 100644 .ai-brain/02_MODULES/DEP-028_pedsCard/37_helpdesk_plan.md
 create mode 100644 .ai-brain/02_MODULES/DEP-028_pedsCard/38_apm_logging.md
 create mode 100644 .ai-brain/02_MODULES/DEP-028_pedsCard/39_user_analytics.md
 create mode 100644 .ai-brain/02_MODULES/DEP-028_pedsCard/40_llm_observability.md
 create mode 100644 .ai-brain/02_MODULES/DEP-028_pedsCard/41_auth_sso.md
 create mode 100644 .ai-brain/02_MODULES/DEP-028_pedsCard/42_rbac_matrix.md
 create mode 100644 .ai-brain/02_MODULES/DEP-028_pedsCard/43_pentest_plan.md
 create mode 100644 .ai-brain/02_MODULES/DEP-028_pedsCard/44_stitch_google.html
 create mode 100644 .ai-brain/02_MODULES/DEP-029_pedsNeuro/36_seo_plan.md
 create mode 100644 .ai-brain/02_MODULES/DEP-029_pedsNeuro/37_helpdesk_plan.md
 create mode 100644 .ai-brain/02_MODULES/DEP-029_pedsNeuro/38_apm_logging.md
 create mode 100644 .ai-brain/02_MODULES/DEP-029_pedsNeuro/39_user_analytics.md
 create mode 100644 .ai-brain/02_MODULES/DEP-029_pedsNeuro/40_llm_observability.md
 create mode 100644 .ai-brain/02_MODULES/DEP-029_pedsNeuro/41_auth_sso.md
 create mode 100644 .ai-brain/02_MODULES/DEP-029_pedsNeuro/42_rbac_matrix.md
 create mode 100644 .ai-brain/02_MODULES/DEP-029_pedsNeuro/43_pentest_plan.md
 create mode 100644 .ai-brain/02_MODULES/DEP-029_pedsNeuro/44_stitch_google.html
 create mode 100644 .ai-brain/02_MODULES/DEP-030_pedsNeph/36_seo_plan.md
 create mode 100644 .ai-brain/02_MODULES/DEP-030_pedsNeph/37_helpdesk_plan.md
 create mode 100644 .ai-brain/02_MODULES/DEP-030_pedsNeph/38_apm_logging.md
 create mode 100644 .ai-brain/02_MODULES/DEP-030_pedsNeph/39_user_analytics.md
 create mode 100644 .ai-brain/02_MODULES/DEP-030_pedsNeph/40_llm_observability.md
 create mode 100644 .ai-brain/02_MODULES/DEP-030_pedsNeph/41_auth_sso.md
 create mode 100644 .ai-brain/02_MODULES/DEP-030_pedsNeph/42_rbac_matrix.md
 create mode 100644 .ai-brain/02_MODULES/DEP-030_pedsNeph/43_pentest_plan.md
 create mode 100644 .ai-brain/02_MODULES/DEP-030_pedsNeph/44_stitch_google.html
 create mode 100644 .ai-brain/02_MODULES/DEP-031_pedsHemOnc/36_seo_plan.md
 create mode 100644 .ai-brain/02_MODULES/DEP-031_pedsHemOnc/37_helpdesk_plan.md
 create mode 100644 .ai-brain/02_MODULES/DEP-031_pedsHemOnc/38_apm_logging.md
 create mode 100644 .ai-brain/02_MODULES/DEP-031_pedsHemOnc/39_user_analytics.md
 create mode 100644 .ai-brain/02_MODULES/DEP-031_pedsHemOnc/40_llm_observability.md
 create mode 100644 .ai-brain/02_MODULES/DEP-031_pedsHemOnc/41_auth_sso.md
 create mode 100644 .ai-brain/02_MODULES/DEP-031_pedsHemOnc/42_rbac_matrix.md
 create mode 100644 .ai-brain/02_MODULES/DEP-031_pedsHemOnc/43_pentest_plan.md
 create mode 100644 .ai-brain/02_MODULES/DEP-031_pedsHemOnc/44_stitch_google.html
 create mode 100644 .ai-brain/02_MODULES/DEP-032_pedsSurg/36_seo_plan.md
 create mode 100644 .ai-brain/02_MODULES/DEP-032_pedsSurg/37_helpdesk_plan.md
 create mode 100644 .ai-brain/02_MODULES/DEP-032_pedsSurg/38_apm_logging.md
 create mode 100644 .ai-brain/02_MODULES/DEP-032_pedsSurg/39_user_analytics.md
 create mode 100644 .ai-brain/02_MODULES/DEP-032_pedsSurg/40_llm_observability.md
 create mode 100644 .ai-brain/02_MODULES/DEP-032_pedsSurg/41_auth_sso.md
 create mode 100644 .ai-brain/02_MODULES/DEP-032_pedsSurg/42_rbac_matrix.md
 create mode 100644 .ai-brain/02_MODULES/DEP-032_pedsSurg/43_pentest_plan.md
 create mode 100644 .ai-brain/02_MODULES/DEP-032_pedsSurg/44_stitch_google.html
 create mode 100644 .ai-brain/02_MODULES/DEP-033_pedsDev/36_seo_plan.md
 create mode 100644 .ai-brain/02_MODULES/DEP-033_pedsDev/37_helpdesk_plan.md
 create mode 100644 .ai-brain/02_MODULES/DEP-033_pedsDev/38_apm_logging.md
 create mode 100644 .ai-brain/02_MODULES/DEP-033_pedsDev/39_user_analytics.md
 create mode 100644 .ai-brain/02_MODULES/DEP-033_pedsDev/40_llm_observability.md
 create mode 100644 .ai-brain/02_MODULES/DEP-033_pedsDev/41_auth_sso.md
 create mode 100644 .ai-brain/02_MODULES/DEP-033_pedsDev/42_rbac_matrix.md
 create mode 100644 .ai-brain/02_MODULES/DEP-033_pedsDev/43_pentest_plan.md
 create mode 100644 .ai-brain/02_MODULES/DEP-033_pedsDev/44_stitch_google.html
 create mode 100644 .ai-brain/02_MODULES/DEP-034_obs/36_seo_plan.md
 create mode 100644 .ai-brain/02_MODULES/DEP-034_obs/37_helpdesk_plan.md
 create mode 100644 .ai-brain/02_MODULES/DEP-034_obs/38_apm_logging.md
 create mode 100644 .ai-brain/02_MODULES/DEP-034_obs/39_user_analytics.md
 create mode 100644 .ai-brain/02_MODULES/DEP-034_obs/40_llm_observability.md
 create mode 100644 .ai-brain/02_MODULES/DEP-034_obs/41_auth_sso.md
 create mode 100644 .ai-brain/02_MODULES/DEP-034_obs/42_rbac_matrix.md
 create mode 100644 .ai-brain/02_MODULES/DEP-034_obs/43_pentest_plan.md
 create mode 100644 .ai-brain/02_MODULES/DEP-034_obs/44_stitch_google.html
 create mode 100644 .ai-brain/02_MODULES/DEP-035_gyn/36_seo_plan.md
 create mode 100644 .ai-brain/02_MODULES/DEP-035_gyn/37_helpdesk_plan.md
 create mode 100644 .ai-brain/02_MODULES/DEP-035_gyn/38_apm_logging.md
 create mode 100644 .ai-brain/02_MODULES/DEP-035_gyn/39_user_analytics.md
 create mode 100644 .ai-brain/02_MODULES/DEP-035_gyn/40_llm_observability.md
 create mode 100644 .ai-brain/02_MODULES/DEP-035_gyn/41_auth_sso.md
 create mode 100644 .ai-brain/02_MODULES/DEP-035_gyn/42_rbac_matrix.md
 create mode 100644 .ai-brain/02_MODULES/DEP-035_gyn/43_pentest_plan.md
 create mode 100644 .ai-brain/02_MODULES/DEP-035_gyn/44_stitch_google.html
 create mode 100644 .ai-brain/02_MODULES/DEP-036_fertility/36_seo_plan.md
 create mode 100644 .ai-brain/02_MODULES/DEP-036_fertility/37_helpdesk_plan.md
 create mode 100644 .ai-brain/02_MODULES/DEP-036_fertility/38_apm_logging.md
 create mode 100644 .ai-brain/02_MODULES/DEP-036_fertility/39_user_analytics.md
 create mode 100644 .ai-brain/02_MODULES/DEP-036_fertility/40_llm_observability.md
 create mode 100644 .ai-brain/02_MODULES/DEP-036_fertility/41_auth_sso.md
 create mode 100644 .ai-brain/02_MODULES/DEP-036_fertility/42_rbac_matrix.md
 create mode 100644 .ai-brain/02_MODULES/DEP-036_fertility/43_pentest_plan.md
 create mode 100644 .ai-brain/02_MODULES/DEP-036_fertility/44_stitch_google.html
 create mode 100644 .ai-brain/02_MODULES/DEP-037_mfm/36_seo_plan.md
 create mode 100644 .ai-brain/02_MODULES/DEP-037_mfm/37_helpdesk_plan.md
 create mode 100644 .ai-brain/02_MODULES/DEP-037_mfm/38_apm_logging.md
 create mode 100644 .ai-brain/02_MODULES/DEP-037_mfm/39_user_analytics.md
 create mode 100644 .ai-brain/02_MODULES/DEP-037_mfm/40_llm_observability.md
 create mode 100644 .ai-brain/02_MODULES/DEP-037_mfm/41_auth_sso.md
 create mode 100644 .ai-brain/02_MODULES/DEP-037_mfm/42_rbac_matrix.md
 create mode 100644 .ai-brain/02_MODULES/DEP-037_mfm/43_pentest_plan.md
 create mode 100644 .ai-brain/02_MODULES/DEP-037_mfm/44_stitch_google.html
 create mode 100644 .ai-brain/02_MODULES/DEP-038_urogyn/36_seo_plan.md
 create mode 100644 .ai-brain/02_MODULES/DEP-038_urogyn/37_helpdesk_plan.md
 create mode 100644 .ai-brain/02_MODULES/DEP-038_urogyn/38_apm_logging.md
 create mode 100644 .ai-brain/02_MODULES/DEP-038_urogyn/39_user_analytics.md
 create mode 100644 .ai-brain/02_MODULES/DEP-038_urogyn/40_llm_observability.md
 create mode 100644 .ai-brain/02_MODULES/DEP-038_urogyn/41_auth_sso.md
 create mode 100644 .ai-brain/02_MODULES/DEP-038_urogyn/42_rbac_matrix.md
 create mode 100644 .ai-brain/02_MODULES/DEP-038_urogyn/43_pentest_plan.md
 create mode 100644 .ai-brain/02_MODULES/DEP-038_urogyn/44_stitch_google.html
 create mode 100644 .ai-brain/02_MODULES/DEP-039_lab/36_seo_plan.md
 create mode 100644 .ai-brain/02_MODULES/DEP-039_lab/37_helpdesk_plan.md
 create mode 100644 .ai-brain/02_MODULES/DEP-039_lab/38_apm_logging.md
 create mode 100644 .ai-brain/02_MODULES/DEP-039_lab/39_user_analytics.md
 create mode 100644 .ai-brain/02_MODULES/DEP-039_lab/40_llm_observability.md
 create mode 100644 .ai-brain/02_MODULES/DEP-039_lab/41_auth_sso.md
 create mode 100644 .ai-brain/02_MODULES/DEP-039_lab/42_rbac_matrix.md
 create mode 100644 .ai-brain/02_MODULES/DEP-039_lab/43_pentest_plan.md
 create mode 100644 .ai-brain/02_MODULES/DEP-039_lab/44_stitch_google.html
 create mode 100644 .ai-brain/02_MODULES/DEP-040_radiology/36_seo_plan.md
 create mode 100644 .ai-brain/02_MODULES/DEP-040_radiology/37_helpdesk_plan.md
 create mode 100644 .ai-brain/02_MODULES/DEP-040_radiology/38_apm_logging.md
 create mode 100644 .ai-brain/02_MODULES/DEP-040_radiology/39_user_analytics.md
 create mode 100644 .ai-brain/02_MODULES/DEP-040_radiology/40_llm_observability.md
 create mode 100644 .ai-brain/02_MODULES/DEP-040_radiology/41_auth_sso.md
 create mode 100644 .ai-brain/02_MODULES/DEP-040_radiology/42_rbac_matrix.md
 create mode 100644 .ai-brain/02_MODULES/DEP-040_radiology/43_pentest_plan.md
 create mode 100644 .ai-brain/02_MODULES/DEP-040_radiology/44_stitch_google.html
 create mode 100644 .ai-brain/02_MODULES/DEP-041_ir/36_seo_plan.md
 create mode 100644 .ai-brain/02_MODULES/DEP-041_ir/37_helpdesk_plan.md
 create mode 100644 .ai-brain/02_MODULES/DEP-041_ir/38_apm_logging.md
 create mode 100644 .ai-brain/02_MODULES/DEP-041_ir/39_user_analytics.md
 create mode 100644 .ai-brain/02_MODULES/DEP-041_ir/40_llm_observability.md
 create mode 100644 .ai-brain/02_MODULES/DEP-041_ir/41_auth_sso.md
 create mode 100644 .ai-brain/02_MODULES/DEP-041_ir/42_rbac_matrix.md
 create mode 100644 .ai-brain/02_MODULES/DEP-041_ir/43_pentest_plan.md
 create mode 100644 .ai-brain/02_MODULES/DEP-041_ir/44_stitch_google.html
 create mode 100644 .ai-brain/02_MODULES/DEP-042_nucmed/36_seo_plan.md
 create mode 100644 .ai-brain/02_MODULES/DEP-042_nucmed/37_helpdesk_plan.md
 create mode 100644 .ai-brain/02_MODULES/DEP-042_nucmed/38_apm_logging.md
 create mode 100644 .ai-brain/02_MODULES/DEP-042_nucmed/39_user_analytics.md
 create mode 100644 .ai-brain/02_MODULES/DEP-042_nucmed/40_llm_observability.md
 create mode 100644 .ai-brain/02_MODULES/DEP-042_nucmed/41_auth_sso.md
 create mode 100644 .ai-brain/02_MODULES/DEP-042_nucmed/42_rbac_matrix.md
 create mode 100644 .ai-brain/02_MODULES/DEP-042_nucmed/43_pentest_plan.md
 create mode 100644 .ai-brain/02_MODULES/DEP-042_nucmed/44_stitch_google.html
 create mode 100644 .ai-brain/02_MODULES/DEP-043_path/36_seo_plan.md
 create mode 100644 .ai-brain/02_MODULES/DEP-043_path/37_helpdesk_plan.md
 create mode 100644 .ai-brain/02_MODULES/DEP-043_path/38_apm_logging.md
 create mode 100644 .ai-brain/02_MODULES/DEP-043_path/39_user_analytics.md
 create mode 100644 .ai-brain/02_MODULES/DEP-043_path/40_llm_observability.md
 create mode 100644 .ai-brain/02_MODULES/DEP-043_path/41_auth_sso.md
 create mode 100644 .ai-brain/02_MODULES/DEP-043_path/42_rbac_matrix.md
 create mode 100644 .ai-brain/02_MODULES/DEP-043_path/43_pentest_plan.md
 create mode 100644 .ai-brain/02_MODULES/DEP-043_path/44_stitch_google.html
 create mode 100644 .ai-brain/02_MODULES/DEP-044_psych/36_seo_plan.md
 create mode 100644 .ai-brain/02_MODULES/DEP-044_psych/37_helpdesk_plan.md
 create mode 100644 .ai-brain/02_MODULES/DEP-044_psych/38_apm_logging.md
 create mode 100644 .ai-brain/02_MODULES/DEP-044_psych/39_user_analytics.md
 create mode 100644 .ai-brain/02_MODULES/DEP-044_psych/40_llm_observability.md
 create mode 100644 .ai-brain/02_MODULES/DEP-044_psych/41_auth_sso.md
 create mode 100644 .ai-brain/02_MODULES/DEP-044_psych/42_rbac_matrix.md
 create mode 100644 .ai-brain/02_MODULES/DEP-044_psych/43_pentest_plan.md
 create mode 100644 .ai-brain/02_MODULES/DEP-044_psych/44_stitch_google.html
 create mode 100644 .ai-brain/02_MODULES/DEP-045_psychol/36_seo_plan.md
 create mode 100644 .ai-brain/02_MODULES/DEP-045_psychol/37_helpdesk_plan.md
 create mode 100644 .ai-brain/02_MODULES/DEP-045_psychol/38_apm_logging.md
 create mode 100644 .ai-brain/02_MODULES/DEP-045_psychol/39_user_analytics.md
 create mode 100644 .ai-brain/02_MODULES/DEP-045_psychol/40_llm_observability.md
 create mode 100644 .ai-brain/02_MODULES/DEP-045_psychol/41_auth_sso.md
 create mode 100644 .ai-brain/02_MODULES/DEP-045_psychol/42_rbac_matrix.md
 create mode 100644 .ai-brain/02_MODULES/DEP-045_psychol/43_pentest_plan.md
 create mode 100644 .ai-brain/02_MODULES/DEP-045_psychol/44_stitch_google.html
 create mode 100644 .ai-brain/02_MODULES/DEP-046_pt/36_seo_plan.md
 create mode 100644 .ai-brain/02_MODULES/DEP-046_pt/37_helpdesk_plan.md
 create mode 100644 .ai-brain/02_MODULES/DEP-046_pt/38_apm_logging.md
 create mode 100644 .ai-brain/02_MODULES/DEP-046_pt/39_user_analytics.md
 create mode 100644 .ai-brain/02_MODULES/DEP-046_pt/40_llm_observability.md
 create mode 100644 .ai-brain/02_MODULES/DEP-046_pt/41_auth_sso.md
 create mode 100644 .ai-brain/02_MODULES/DEP-046_pt/42_rbac_matrix.md
 create mode 100644 .ai-brain/02_MODULES/DEP-046_pt/43_pentest_plan.md
 create mode 100644 .ai-brain/02_MODULES/DEP-046_pt/44_stitch_google.html
 create mode 100644 .ai-brain/02_MODULES/DEP-047_ot/36_seo_plan.md
 create mode 100644 .ai-brain/02_MODULES/DEP-047_ot/37_helpdesk_plan.md
 create mode 100644 .ai-brain/02_MODULES/DEP-047_ot/38_apm_logging.md
 create mode 100644 .ai-brain/02_MODULES/DEP-047_ot/39_user_analytics.md
 create mode 100644 .ai-brain/02_MODULES/DEP-047_ot/40_llm_observability.md
 create mode 100644 .ai-brain/02_MODULES/DEP-047_ot/41_auth_sso.md
 create mode 100644 .ai-brain/02_MODULES/DEP-047_ot/42_rbac_matrix.md
 create mode 100644 .ai-brain/02_MODULES/DEP-047_ot/43_pentest_plan.md
 create mode 100644 .ai-brain/02_MODULES/DEP-047_ot/44_stitch_google.html
 create mode 100644 .ai-brain/02_MODULES/DEP-048_medOnc/36_seo_plan.md
 create mode 100644 .ai-brain/02_MODULES/DEP-048_medOnc/37_helpdesk_plan.md
 create mode 100644 .ai-brain/02_MODULES/DEP-048_medOnc/38_apm_logging.md
 create mode 100644 .ai-brain/02_MODULES/DEP-048_medOnc/39_user_analytics.md
 create mode 100644 .ai-brain/02_MODULES/DEP-048_medOnc/40_llm_observability.md
 create mode 100644 .ai-brain/02_MODULES/DEP-048_medOnc/41_auth_sso.md
 create mode 100644 .ai-brain/02_MODULES/DEP-048_medOnc/42_rbac_matrix.md
 create mode 100644 .ai-brain/02_MODULES/DEP-048_medOnc/43_pentest_plan.md
 create mode 100644 .ai-brain/02_MODULES/DEP-048_medOnc/44_stitch_google.html
 create mode 100644 .ai-brain/02_MODULES/DEP-049_radOnc/36_seo_plan.md
 create mode 100644 .ai-brain/02_MODULES/DEP-049_radOnc/37_helpdesk_plan.md
 create mode 100644 .ai-brain/02_MODULES/DEP-049_radOnc/38_apm_logging.md
 create mode 100644 .ai-brain/02_MODULES/DEP-049_radOnc/39_user_analytics.md
 create mode 100644 .ai-brain/02_MODULES/DEP-049_radOnc/40_llm_observability.md
 create mode 100644 .ai-brain/02_MODULES/DEP-049_radOnc/41_auth_sso.md
 create mode 100644 .ai-brain/02_MODULES/DEP-049_radOnc/42_rbac_matrix.md
 create mode 100644 .ai-brain/02_MODULES/DEP-049_radOnc/43_pentest_plan.md
 create mode 100644 .ai-brain/02_MODULES/DEP-049_radOnc/44_stitch_google.html
 create mode 100644 .ai-brain/02_MODULES/DEP-050_palliative/36_seo_plan.md
 create mode 100644 .ai-brain/02_MODULES/DEP-050_palliative/37_helpdesk_plan.md
 create mode 100644 .ai-brain/02_MODULES/DEP-050_palliative/38_apm_logging.md
 create mode 100644 .ai-brain/02_MODULES/DEP-050_palliative/39_user_analytics.md
 create mode 100644 .ai-brain/02_MODULES/DEP-050_palliative/40_llm_observability.md
 create mode 100644 .ai-brain/02_MODULES/DEP-050_palliative/41_auth_sso.md
 create mode 100644 .ai-brain/02_MODULES/DEP-050_palliative/42_rbac_matrix.md
 create mode 100644 .ai-brain/02_MODULES/DEP-050_palliative/43_pentest_plan.md
 create mode 100644 .ai-brain/02_MODULES/DEP-050_palliative/44_stitch_google.html
 create mode 100644 .ai-brain/02_MODULES/DEP-051_anesth/36_seo_plan.md
 create mode 100644 .ai-brain/02_MODULES/DEP-051_anesth/37_helpdesk_plan.md
 create mode 100644 .ai-brain/02_MODULES/DEP-051_anesth/38_apm_logging.md
 create mode 100644 .ai-brain/02_MODULES/DEP-051_anesth/39_user_analytics.md
 create mode 100644 .ai-brain/02_MODULES/DEP-051_anesth/40_llm_observability.md
 create mode 100644 .ai-brain/02_MODULES/DEP-051_anesth/41_auth_sso.md
 create mode 100644 .ai-brain/02_MODULES/DEP-051_anesth/42_rbac_matrix.md
 create mode 100644 .ai-brain/02_MODULES/DEP-051_anesth/43_pentest_plan.md
 create mode 100644 .ai-brain/02_MODULES/DEP-051_anesth/44_stitch_google.html
 create mode 100644 .ai-brain/02_MODULES/DEP-052_pain/36_seo_plan.md
 create mode 100644 .ai-brain/02_MODULES/DEP-052_pain/37_helpdesk_plan.md
 create mode 100644 .ai-brain/02_MODULES/DEP-052_pain/38_apm_logging.md
 create mode 100644 .ai-brain/02_MODULES/DEP-052_pain/39_user_analytics.md
 create mode 100644 .ai-brain/02_MODULES/DEP-052_pain/40_llm_observability.md
 create mode 100644 .ai-brain/02_MODULES/DEP-052_pain/41_auth_sso.md
 create mode 100644 .ai-brain/02_MODULES/DEP-052_pain/42_rbac_matrix.md
 create mode 100644 .ai-brain/02_MODULES/DEP-052_pain/43_pentest_plan.md
 create mode 100644 .ai-brain/02_MODULES/DEP-052_pain/44_stitch_google.html
 create mode 100644 .ai-brain/02_MODULES/DEP-053_pharmacy/36_seo_plan.md
 create mode 100644 .ai-brain/02_MODULES/DEP-053_pharmacy/37_helpdesk_plan.md
 create mode 100644 .ai-brain/02_MODULES/DEP-053_pharmacy/38_apm_logging.md
 create mode 100644 .ai-brain/02_MODULES/DEP-053_pharmacy/39_user_analytics.md
 create mode 100644 .ai-brain/02_MODULES/DEP-053_pharmacy/40_llm_observability.md
 create mode 100644 .ai-brain/02_MODULES/DEP-053_pharmacy/41_auth_sso.md
 create mode 100644 .ai-brain/02_MODULES/DEP-053_pharmacy/42_rbac_matrix.md
 create mode 100644 .ai-brain/02_MODULES/DEP-053_pharmacy/43_pentest_plan.md
 create mode 100644 .ai-brain/02_MODULES/DEP-053_pharmacy/44_stitch_google.html
 create mode 100644 .ai-brain/02_MODULES/DEP-054_inventory/36_seo_plan.md
 create mode 100644 .ai-brain/02_MODULES/DEP-054_inventory/37_helpdesk_plan.md
 create mode 100644 .ai-brain/02_MODULES/DEP-054_inventory/38_apm_logging.md
 create mode 100644 .ai-brain/02_MODULES/DEP-054_inventory/39_user_analytics.md
 create mode 100644 .ai-brain/02_MODULES/DEP-054_inventory/40_llm_observability.md
 create mode 100644 .ai-brain/02_MODULES/DEP-054_inventory/41_auth_sso.md
 create mode 100644 .ai-brain/02_MODULES/DEP-054_inventory/42_rbac_matrix.md
 create mode 100644 .ai-brain/02_MODULES/DEP-054_inventory/43_pentest_plan.md
 create mode 100644 .ai-brain/02_MODULES/DEP-054_inventory/44_stitch_google.html
 create mode 100644 .ai-brain/02_MODULES/DEP-055_finance/36_seo_plan.md
 create mode 100644 .ai-brain/02_MODULES/DEP-055_finance/37_helpdesk_plan.md
 create mode 100644 .ai-brain/02_MODULES/DEP-055_finance/38_apm_logging.md
 create mode 100644 .ai-brain/02_MODULES/DEP-055_finance/39_user_analytics.md
 create mode 100644 .ai-brain/02_MODULES/DEP-055_finance/40_llm_observability.md
 create mode 100644 .ai-brain/02_MODULES/DEP-055_finance/41_auth_sso.md
 create mode 100644 .ai-brain/02_MODULES/DEP-055_finance/42_rbac_matrix.md
 create mode 100644 .ai-brain/02_MODULES/DEP-055_finance/43_pentest_plan.md
 create mode 100644 .ai-brain/02_MODULES/DEP-055_finance/44_stitch_google.html
 create mode 100644 .ai-brain/02_MODULES/DEP-056_hr/36_seo_plan.md
 create mode 100644 .ai-brain/02_MODULES/DEP-056_hr/37_helpdesk_plan.md
 create mode 100644 .ai-brain/02_MODULES/DEP-056_hr/38_apm_logging.md
 create mode 100644 .ai-brain/02_MODULES/DEP-056_hr/39_user_analytics.md
 create mode 100644 .ai-brain/02_MODULES/DEP-056_hr/40_llm_observability.md
 create mode 100644 .ai-brain/02_MODULES/DEP-056_hr/41_auth_sso.md
 create mode 100644 .ai-brain/02_MODULES/DEP-056_hr/42_rbac_matrix.md
 create mode 100644 .ai-brain/02_MODULES/DEP-056_hr/43_pentest_plan.md
 create mode 100644 .ai-brain/02_MODULES/DEP-056_hr/44_stitch_google.html
 create mode 100644 .ai-brain/02_MODULES/DEP-057_billing/36_seo_plan.md
 create mode 100644 .ai-brain/02_MODULES/DEP-057_billing/37_helpdesk_plan.md
 create mode 100644 .ai-brain/02_MODULES/DEP-057_billing/38_apm_logging.md
 create mode 100644 .ai-brain/02_MODULES/DEP-057_billing/39_user_analytics.md
 create mode 100644 .ai-brain/02_MODULES/DEP-057_billing/40_llm_observability.md
 create mode 100644 .ai-brain/02_MODULES/DEP-057_billing/41_auth_sso.md
 create mode 100644 .ai-brain/02_MODULES/DEP-057_billing/42_rbac_matrix.md
 create mode 100644 .ai-brain/02_MODULES/DEP-057_billing/43_pentest_plan.md
 create mode 100644 .ai-brain/02_MODULES/DEP-057_billing/44_stitch_google.html
 create mode 100644 .ai-brain/02_MODULES/DEP-058_insurance/36_seo_plan.md
 create mode 100644 .ai-brain/02_MODULES/DEP-058_insurance/37_helpdesk_plan.md
 create mode 100644 .ai-brain/02_MODULES/DEP-058_insurance/38_apm_logging.md
 create mode 100644 .ai-brain/02_MODULES/DEP-058_insurance/39_user_analytics.md
 create mode 100644 .ai-brain/02_MODULES/DEP-058_insurance/40_llm_observability.md
 create mode 100644 .ai-brain/02_MODULES/DEP-058_insurance/41_auth_sso.md
 create mode 100644 .ai-brain/02_MODULES/DEP-058_insurance/42_rbac_matrix.md
 create mode 100644 .ai-brain/02_MODULES/DEP-058_insurance/43_pentest_plan.md
 create mode 100644 .ai-brain/02_MODULES/DEP-058_insurance/44_stitch_google.html
 create mode 100644 .ai-brain/02_MODULES/DEP-059_quality/36_seo_plan.md
 create mode 100644 .ai-brain/02_MODULES/DEP-059_quality/37_helpdesk_plan.md
 create mode 100644 .ai-brain/02_MODULES/DEP-059_quality/38_apm_logging.md
 create mode 100644 .ai-brain/02_MODULES/DEP-059_quality/39_user_analytics.md
 create mode 100644 .ai-brain/02_MODULES/DEP-059_quality/40_llm_observability.md
 create mode 100644 .ai-brain/02_MODULES/DEP-059_quality/41_auth_sso.md
 create mode 100644 .ai-brain/02_MODULES/DEP-059_quality/42_rbac_matrix.md
 create mode 100644 .ai-brain/02_MODULES/DEP-059_quality/43_pentest_plan.md
 create mode 100644 .ai-brain/02_MODULES/DEP-059_quality/44_stitch_google.html
 create mode 100644 .ai-brain/02_MODULES/DEP-060_facility/36_seo_plan.md
 create mode 100644 .ai-brain/02_MODULES/DEP-060_facility/37_helpdesk_plan.md
 create mode 100644 .ai-brain/02_MODULES/DEP-060_facility/38_apm_logging.md
 create mode 100644 .ai-brain/02_MODULES/DEP-060_facility/39_user_analytics.md
 create mode 100644 .ai-brain/02_MODULES/DEP-060_facility/40_llm_observability.md
 create mode 100644 .ai-brain/02_MODULES/DEP-060_facility/41_auth_sso.md
 create mode 100644 .ai-brain/02_MODULES/DEP-060_facility/42_rbac_matrix.md
 create mode 100644 .ai-brain/02_MODULES/DEP-060_facility/43_pentest_plan.md
 create mode 100644 .ai-brain/02_MODULES/DEP-060_facility/44_stitch_google.html
 create mode 100644 .ai-brain/02_MODULES/DERM-001/36_seo_plan.md
 create mode 100644 .ai-brain/02_MODULES/DERM-001/37_helpdesk_plan.md
 create mode 100644 .ai-brain/02_MODULES/DERM-001/38_apm_logging.md
 create mode 100644 .ai-brain/02_MODULES/DERM-001/39_user_analytics.md
 create mode 100644 .ai-brain/02_MODULES/DERM-001/40_llm_observability.md
 create mode 100644 .ai-brain/02_MODULES/DERM-001/41_auth_sso.md
 create mode 100644 .ai-brain/02_MODULES/DERM-001/42_rbac_matrix.md
 create mode 100644 .ai-brain/02_MODULES/DERM-001/43_pentest_plan.md
 create mode 100644 .ai-brain/02_MODULES/DERM-001/44_stitch_google.html
 create mode 100644 .ai-brain/02_MODULES/DIET-001/36_seo_plan.md
 create mode 100644 .ai-brain/02_MODULES/DIET-001/37_helpdesk_plan.md
 create mode 100644 .ai-brain/02_MODULES/DIET-001/38_apm_logging.md
 create mode 100644 .ai-brain/02_MODULES/DIET-001/39_user_analytics.md
 create mode 100644 .ai-brain/02_MODULES/DIET-001/40_llm_observability.md
 create mode 100644 .ai-brain/02_MODULES/DIET-001/41_auth_sso.md
 create mode 100644 .ai-brain/02_MODULES/DIET-001/42_rbac_matrix.md
 create mode 100644 .ai-brain/02_MODULES/DIET-001/43_pentest_plan.md
 create mode 100644 .ai-brain/02_MODULES/DIET-001/44_stitch_google.html
 create mode 100644 .ai-brain/02_MODULES/ENDO-001/36_seo_plan.md
 create mode 100644 .ai-brain/02_MODULES/ENDO-001/37_helpdesk_plan.md
 create mode 100644 .ai-brain/02_MODULES/ENDO-001/38_apm_logging.md
 create mode 100644 .ai-brain/02_MODULES/ENDO-001/39_user_analytics.md
 create mode 100644 .ai-brain/02_MODULES/ENDO-001/40_llm_observability.md
 create mode 100644 .ai-brain/02_MODULES/ENDO-001/41_auth_sso.md
 create mode 100644 .ai-brain/02_MODULES/ENDO-001/42_rbac_matrix.md
 create mode 100644 .ai-brain/02_MODULES/ENDO-001/43_pentest_plan.md
 create mode 100644 .ai-brain/02_MODULES/ENDO-001/44_stitch_google.html
 create mode 100644 .ai-brain/02_MODULES/ENT-001/36_seo_plan.md
 create mode 100644 .ai-brain/02_MODULES/ENT-001/37_helpdesk_plan.md
 create mode 100644 .ai-brain/02_MODULES/ENT-001/38_apm_logging.md
 create mode 100644 .ai-brain/02_MODULES/ENT-001/39_user_analytics.md
 create mode 100644 .ai-brain/02_MODULES/ENT-001/40_llm_observability.md
 create mode 100644 .ai-brain/02_MODULES/ENT-001/41_auth_sso.md
 create mode 100644 .ai-brain/02_MODULES/ENT-001/42_rbac_matrix.md
 create mode 100644 .ai-brain/02_MODULES/ENT-001/43_pentest_plan.md
 create mode 100644 .ai-brain/02_MODULES/ENT-001/44_stitch_google.html
 create mode 100644 .ai-brain/02_MODULES/ER-001/36_seo_plan.md
 create mode 100644 .ai-brain/02_MODULES/ER-001/37_helpdesk_plan.md
 create mode 100644 .ai-brain/02_MODULES/ER-001/38_apm_logging.md
 create mode 100644 .ai-brain/02_MODULES/ER-001/39_user_analytics.md
 create mode 100644 .ai-brain/02_MODULES/ER-001/40_llm_observability.md
 create mode 100644 .ai-brain/02_MODULES/ER-001/41_auth_sso.md
 create mode 100644 .ai-brain/02_MODULES/ER-001/42_rbac_matrix.md
 create mode 100644 .ai-brain/02_MODULES/ER-001/43_pentest_plan.md
 create mode 100644 .ai-brain/02_MODULES/ER-001/44_stitch_google.html
 create mode 100644 .ai-brain/02_MODULES/ER-002/36_seo_plan.md
 create mode 100644 .ai-brain/02_MODULES/ER-002/37_helpdesk_plan.md
 create mode 100644 .ai-brain/02_MODULES/ER-002/38_apm_logging.md
 create mode 100644 .ai-brain/02_MODULES/ER-002/39_user_analytics.md
 create mode 100644 .ai-brain/02_MODULES/ER-002/40_llm_observability.md
 create mode 100644 .ai-brain/02_MODULES/ER-002/41_auth_sso.md
 create mode 100644 .ai-brain/02_MODULES/ER-002/42_rbac_matrix.md
 create mode 100644 .ai-brain/02_MODULES/ER-002/43_pentest_plan.md
 create mode 100644 .ai-brain/02_MODULES/ER-002/44_stitch_google.html
 create mode 100644 .ai-brain/02_MODULES/ER-003/36_seo_plan.md
 create mode 100644 .ai-brain/02_MODULES/ER-003/37_helpdesk_plan.md
 create mode 100644 .ai-brain/02_MODULES/ER-003/38_apm_logging.md
 create mode 100644 .ai-brain/02_MODULES/ER-003/39_user_analytics.md
 create mode 100644 .ai-brain/02_MODULES/ER-003/40_llm_observability.md
 create mode 100644 .ai-brain/02_MODULES/ER-003/41_auth_sso.md
 create mode 100644 .ai-brain/02_MODULES/ER-003/42_rbac_matrix.md
 create mode 100644 .ai-brain/02_MODULES/ER-003/43_pentest_plan.md
 create mode 100644 .ai-brain/02_MODULES/ER-003/44_stitch_google.html
 create mode 100644 .ai-brain/02_MODULES/ER-004/36_seo_plan.md
 create mode 100644 .ai-brain/02_MODULES/ER-004/37_helpdesk_plan.md
 create mode 100644 .ai-brain/02_MODULES/ER-004/38_apm_logging.md
 create mode 100644 .ai-brain/02_MODULES/ER-004/39_user_analytics.md
 create mode 100644 .ai-brain/02_MODULES/ER-004/40_llm_observability.md
 create mode 100644 .ai-brain/02_MODULES/ER-004/41_auth_sso.md
 create mode 100644 .ai-brain/02_MODULES/ER-004/42_rbac_matrix.md
 create mode 100644 .ai-brain/02_MODULES/ER-004/43_pentest_plan.md
 create mode 100644 .ai-brain/02_MODULES/ER-004/44_stitch_google.html
 create mode 100644 .ai-brain/02_MODULES/GEN-001/36_seo_plan.md
 create mode 100644 .ai-brain/02_MODULES/GEN-001/37_helpdesk_plan.md
 create mode 100644 .ai-brain/02_MODULES/GEN-001/38_apm_logging.md
 create mode 100644 .ai-brain/02_MODULES/GEN-001/39_user_analytics.md
 create mode 100644 .ai-brain/02_MODULES/GEN-001/40_llm_observability.md
 create mode 100644 .ai-brain/02_MODULES/GEN-001/41_auth_sso.md
 create mode 100644 .ai-brain/02_MODULES/GEN-001/42_rbac_matrix.md
 create mode 100644 .ai-brain/02_MODULES/GEN-001/43_pentest_plan.md
 create mode 100644 .ai-brain/02_MODULES/GEN-001/44_stitch_google.html
 create mode 100644 .ai-brain/02_MODULES/GERI-001/36_seo_plan.md
 create mode 100644 .ai-brain/02_MODULES/GERI-001/37_helpdesk_plan.md
 create mode 100644 .ai-brain/02_MODULES/GERI-001/38_apm_logging.md
 create mode 100644 .ai-brain/02_MODULES/GERI-001/39_user_analytics.md
 create mode 100644 .ai-brain/02_MODULES/GERI-001/40_llm_observability.md
 create mode 100644 .ai-brain/02_MODULES/GERI-001/41_auth_sso.md
 create mode 100644 .ai-brain/02_MODULES/GERI-001/42_rbac_matrix.md
 create mode 100644 .ai-brain/02_MODULES/GERI-001/43_pentest_plan.md
 create mode 100644 .ai-brain/02_MODULES/GERI-001/44_stitch_google.html
 create mode 100644 .ai-brain/02_MODULES/GI-001/36_seo_plan.md
 create mode 100644 .ai-brain/02_MODULES/GI-001/37_helpdesk_plan.md
 create mode 100644 .ai-brain/02_MODULES/GI-001/38_apm_logging.md
 create mode 100644 .ai-brain/02_MODULES/GI-001/39_user_analytics.md
 create mode 100644 .ai-brain/02_MODULES/GI-001/40_llm_observability.md
 create mode 100644 .ai-brain/02_MODULES/GI-001/41_auth_sso.md
 create mode 100644 .ai-brain/02_MODULES/GI-001/42_rbac_matrix.md
 create mode 100644 .ai-brain/02_MODULES/GI-001/43_pentest_plan.md
 create mode 100644 .ai-brain/02_MODULES/GI-001/44_stitch_google.html
 create mode 100644 .ai-brain/02_MODULES/HH-001/36_seo_plan.md
 create mode 100644 .ai-brain/02_MODULES/HH-001/37_helpdesk_plan.md
 create mode 100644 .ai-brain/02_MODULES/HH-001/38_apm_logging.md
 create mode 100644 .ai-brain/02_MODULES/HH-001/39_user_analytics.md
 create mode 100644 .ai-brain/02_MODULES/HH-001/40_llm_observability.md
 create mode 100644 .ai-brain/02_MODULES/HH-001/41_auth_sso.md
 create mode 100644 .ai-brain/02_MODULES/HH-001/42_rbac_matrix.md
 create mode 100644 .ai-brain/02_MODULES/HH-001/43_pentest_plan.md
 create mode 100644 .ai-brain/02_MODULES/HH-001/44_stitch_google.html
 create mode 100644 .ai-brain/02_MODULES/ID-001/36_seo_plan.md
 create mode 100644 .ai-brain/02_MODULES/ID-001/37_helpdesk_plan.md
 create mode 100644 .ai-brain/02_MODULES/ID-001/38_apm_logging.md
 create mode 100644 .ai-brain/02_MODULES/ID-001/39_user_analytics.md
 create mode 100644 .ai-brain/02_MODULES/ID-001/40_llm_observability.md
 create mode 100644 .ai-brain/02_MODULES/ID-001/41_auth_sso.md
 create mode 100644 .ai-brain/02_MODULES/ID-001/42_rbac_matrix.md
 create mode 100644 .ai-brain/02_MODULES/ID-001/43_pentest_plan.md
 create mode 100644 .ai-brain/02_MODULES/ID-001/44_stitch_google.html
 create mode 100644 .ai-brain/02_MODULES/LAB-001/36_seo_plan.md
 create mode 100644 .ai-brain/02_MODULES/LAB-001/37_helpdesk_plan.md
 create mode 100644 .ai-brain/02_MODULES/LAB-001/38_apm_logging.md
 create mode 100644 .ai-brain/02_MODULES/LAB-001/39_user_analytics.md
 create mode 100644 .ai-brain/02_MODULES/LAB-001/40_llm_observability.md
 create mode 100644 .ai-brain/02_MODULES/LAB-001/41_auth_sso.md
 create mode 100644 .ai-brain/02_MODULES/LAB-001/42_rbac_matrix.md
 create mode 100644 .ai-brain/02_MODULES/LAB-001/43_pentest_plan.md
 create mode 100644 .ai-brain/02_MODULES/LAB-001/44_stitch_google.html
 create mode 100644 .ai-brain/02_MODULES/MICU/36_seo_plan.md
 create mode 100644 .ai-brain/02_MODULES/MICU/37_helpdesk_plan.md
 create mode 100644 .ai-brain/02_MODULES/MICU/38_apm_logging.md
 create mode 100644 .ai-brain/02_MODULES/MICU/39_user_analytics.md
 create mode 100644 .ai-brain/02_MODULES/MICU/40_llm_observability.md
 create mode 100644 .ai-brain/02_MODULES/MICU/41_auth_sso.md
 create mode 100644 .ai-brain/02_MODULES/MICU/42_rbac_matrix.md
 create mode 100644 .ai-brain/02_MODULES/MICU/43_pentest_plan.md
 create mode 100644 .ai-brain/02_MODULES/MICU/44_stitch_google.html
 create mode 100644 .ai-brain/02_MODULES/NEPH-001/36_seo_plan.md
 create mode 100644 .ai-brain/02_MODULES/NEPH-001/37_helpdesk_plan.md
 create mode 100644 .ai-brain/02_MODULES/NEPH-001/38_apm_logging.md
 create mode 100644 .ai-brain/02_MODULES/NEPH-001/39_user_analytics.md
 create mode 100644 .ai-brain/02_MODULES/NEPH-001/40_llm_observability.md
 create mode 100644 .ai-brain/02_MODULES/NEPH-001/41_auth_sso.md
 create mode 100644 .ai-brain/02_MODULES/NEPH-001/42_rbac_matrix.md
 create mode 100644 .ai-brain/02_MODULES/NEPH-001/43_pentest_plan.md
 create mode 100644 .ai-brain/02_MODULES/NEPH-001/44_stitch_google.html
 create mode 100644 .ai-brain/02_MODULES/NEUROS-001/36_seo_plan.md
 create mode 100644 .ai-brain/02_MODULES/NEUROS-001/37_helpdesk_plan.md
 create mode 100644 .ai-brain/02_MODULES/NEUROS-001/38_apm_logging.md
 create mode 100644 .ai-brain/02_MODULES/NEUROS-001/39_user_analytics.md
 create mode 100644 .ai-brain/02_MODULES/NEUROS-001/40_llm_observability.md
 create mode 100644 .ai-brain/02_MODULES/NEUROS-001/41_auth_sso.md
 create mode 100644 .ai-brain/02_MODULES/NEUROS-001/42_rbac_matrix.md
 create mode 100644 .ai-brain/02_MODULES/NEUROS-001/43_pentest_plan.md
 create mode 100644 .ai-brain/02_MODULES/NEUROS-001/44_stitch_google.html
 create mode 100644 .ai-brain/02_MODULES/NNICU/36_seo_plan.md
 create mode 100644 .ai-brain/02_MODULES/NNICU/37_helpdesk_plan.md
 create mode 100644 .ai-brain/02_MODULES/NNICU/38_apm_logging.md
 create mode 100644 .ai-brain/02_MODULES/NNICU/39_user_analytics.md
 create mode 100644 .ai-brain/02_MODULES/NNICU/40_llm_observability.md
 create mode 100644 .ai-brain/02_MODULES/NNICU/41_auth_sso.md
 create mode 100644 .ai-brain/02_MODULES/NNICU/42_rbac_matrix.md
 create mode 100644 .ai-brain/02_MODULES/NNICU/43_pentest_plan.md
 create mode 100644 .ai-brain/02_MODULES/NNICU/44_stitch_google.html
 create mode 100644 .ai-brain/02_MODULES/OBG-001/36_seo_plan.md
 create mode 100644 .ai-brain/02_MODULES/OBG-001/37_helpdesk_plan.md
 create mode 100644 .ai-brain/02_MODULES/OBG-001/38_apm_logging.md
 create mode 100644 .ai-brain/02_MODULES/OBG-001/39_user_analytics.md
 create mode 100644 .ai-brain/02_MODULES/OBG-001/40_llm_observability.md
 create mode 100644 .ai-brain/02_MODULES/OBG-001/41_auth_sso.md
 create mode 100644 .ai-brain/02_MODULES/OBG-001/42_rbac_matrix.md
 create mode 100644 .ai-brain/02_MODULES/OBG-001/43_pentest_plan.md
 create mode 100644 .ai-brain/02_MODULES/OBG-001/44_stitch_google.html
 create mode 100644 .ai-brain/02_MODULES/OBG-002/36_seo_plan.md
 create mode 100644 .ai-brain/02_MODULES/OBG-002/37_helpdesk_plan.md
 create mode 100644 .ai-brain/02_MODULES/OBG-002/38_apm_logging.md
 create mode 100644 .ai-brain/02_MODULES/OBG-002/39_user_analytics.md
 create mode 100644 .ai-brain/02_MODULES/OBG-002/40_llm_observability.md
 create mode 100644 .ai-brain/02_MODULES/OBG-002/41_auth_sso.md
 create mode 100644 .ai-brain/02_MODULES/OBG-002/42_rbac_matrix.md
 create mode 100644 .ai-brain/02_MODULES/OBG-002/43_pentest_plan.md
 create mode 100644 .ai-brain/02_MODULES/OBG-002/44_stitch_google.html
 create mode 100644 .ai-brain/02_MODULES/ONC-001/36_seo_plan.md
 create mode 100644 .ai-brain/02_MODULES/ONC-001/37_helpdesk_plan.md
 create mode 100644 .ai-brain/02_MODULES/ONC-001/38_apm_logging.md
 create mode 100644 .ai-brain/02_MODULES/ONC-001/39_user_analytics.md
 create mode 100644 .ai-brain/02_MODULES/ONC-001/40_llm_observability.md
 create mode 100644 .ai-brain/02_MODULES/ONC-001/41_auth_sso.md
 create mode 100644 .ai-brain/02_MODULES/ONC-001/42_rbac_matrix.md
 create mode 100644 .ai-brain/02_MODULES/ONC-001/43_pentest_plan.md
 create mode 100644 .ai-brain/02_MODULES/ONC-001/44_stitch_google.html
 create mode 100644 .ai-brain/02_MODULES/OPHTH-001/36_seo_plan.md
 create mode 100644 .ai-brain/02_MODULES/OPHTH-001/37_helpdesk_plan.md
 create mode 100644 .ai-brain/02_MODULES/OPHTH-001/38_apm_logging.md
 create mode 100644 .ai-brain/02_MODULES/OPHTH-001/39_user_analytics.md
 create mode 100644 .ai-brain/02_MODULES/OPHTH-001/40_llm_observability.md
 create mode 100644 .ai-brain/02_MODULES/OPHTH-001/41_auth_sso.md
 create mode 100644 .ai-brain/02_MODULES/OPHTH-001/42_rbac_matrix.md
 create mode 100644 .ai-brain/02_MODULES/OPHTH-001/43_pentest_plan.md
 create mode 100644 .ai-brain/02_MODULES/OPHTH-001/44_stitch_google.html
 create mode 100644 .ai-brain/02_MODULES/ORTHO-001/36_seo_plan.md
 create mode 100644 .ai-brain/02_MODULES/ORTHO-001/37_helpdesk_plan.md
 create mode 100644 .ai-brain/02_MODULES/ORTHO-001/38_apm_logging.md
 create mode 100644 .ai-brain/02_MODULES/ORTHO-001/39_user_analytics.md
 create mode 100644 .ai-brain/02_MODULES/ORTHO-001/40_llm_observability.md
 create mode 100644 .ai-brain/02_MODULES/ORTHO-001/41_auth_sso.md
 create mode 100644 .ai-brain/02_MODULES/ORTHO-001/42_rbac_matrix.md
 create mode 100644 .ai-brain/02_MODULES/ORTHO-001/43_pentest_plan.md
 create mode 100644 .ai-brain/02_MODULES/ORTHO-001/44_stitch_google.html
 create mode 100644 .ai-brain/02_MODULES/PACU/36_seo_plan.md
 create mode 100644 .ai-brain/02_MODULES/PACU/37_helpdesk_plan.md
 create mode 100644 .ai-brain/02_MODULES/PACU/38_apm_logging.md
 create mode 100644 .ai-brain/02_MODULES/PACU/39_user_analytics.md
 create mode 100644 .ai-brain/02_MODULES/PACU/40_llm_observability.md
 create mode 100644 .ai-brain/02_MODULES/PACU/41_auth_sso.md
 create mode 100644 .ai-brain/02_MODULES/PACU/42_rbac_matrix.md
 create mode 100644 .ai-brain/02_MODULES/PACU/43_pentest_plan.md
 create mode 100644 .ai-brain/02_MODULES/PACU/44_stitch_google.html
 create mode 100644 .ai-brain/02_MODULES/PAIN-001/36_seo_plan.md
 create mode 100644 .ai-brain/02_MODULES/PAIN-001/37_helpdesk_plan.md
 create mode 100644 .ai-brain/02_MODULES/PAIN-001/38_apm_logging.md
 create mode 100644 .ai-brain/02_MODULES/PAIN-001/39_user_analytics.md
 create mode 100644 .ai-brain/02_MODULES/PAIN-001/40_llm_observability.md
 create mode 100644 .ai-brain/02_MODULES/PAIN-001/41_auth_sso.md
 create mode 100644 .ai-brain/02_MODULES/PAIN-001/42_rbac_matrix.md
 create mode 100644 .ai-brain/02_MODULES/PAIN-001/43_pentest_plan.md
 create mode 100644 .ai-brain/02_MODULES/PAIN-001/44_stitch_google.html
 create mode 100644 .ai-brain/02_MODULES/PATH-001/36_seo_plan.md
 create mode 100644 .ai-brain/02_MODULES/PATH-001/37_helpdesk_plan.md
 create mode 100644 .ai-brain/02_MODULES/PATH-001/38_apm_logging.md
 create mode 100644 .ai-brain/02_MODULES/PATH-001/39_user_analytics.md
 create mode 100644 .ai-brain/02_MODULES/PATH-001/40_llm_observability.md
 create mode 100644 .ai-brain/02_MODULES/PATH-001/41_auth_sso.md
 create mode 100644 .ai-brain/02_MODULES/PATH-001/42_rbac_matrix.md
 create mode 100644 .ai-brain/02_MODULES/PATH-001/43_pentest_plan.md
 create mode 100644 .ai-brain/02_MODULES/PATH-001/44_stitch_google.html
 create mode 100644 .ai-brain/02_MODULES/PEDS-001/36_seo_plan.md
 create mode 100644 .ai-brain/02_MODULES/PEDS-001/37_helpdesk_plan.md
 create mode 100644 .ai-brain/02_MODULES/PEDS-001/38_apm_logging.md
 create mode 100644 .ai-brain/02_MODULES/PEDS-001/39_user_analytics.md
 create mode 100644 .ai-brain/02_MODULES/PEDS-001/40_llm_observability.md
 create mode 100644 .ai-brain/02_MODULES/PEDS-001/41_auth_sso.md
 create mode 100644 .ai-brain/02_MODULES/PEDS-001/42_rbac_matrix.md
 create mode 100644 .ai-brain/02_MODULES/PEDS-001/43_pentest_plan.md
 create mode 100644 .ai-brain/02_MODULES/PEDS-001/44_stitch_google.html
 create mode 100644 .ai-brain/02_MODULES/PEDS-002/36_seo_plan.md
 create mode 100644 .ai-brain/02_MODULES/PEDS-002/37_helpdesk_plan.md
 create mode 100644 .ai-brain/02_MODULES/PEDS-002/38_apm_logging.md
 create mode 100644 .ai-brain/02_MODULES/PEDS-002/39_user_analytics.md
 create mode 100644 .ai-brain/02_MODULES/PEDS-002/40_llm_observability.md
 create mode 100644 .ai-brain/02_MODULES/PEDS-002/41_auth_sso.md
 create mode 100644 .ai-brain/02_MODULES/PEDS-002/42_rbac_matrix.md
 create mode 100644 .ai-brain/02_MODULES/PEDS-002/43_pentest_plan.md
 create mode 100644 .ai-brain/02_MODULES/PEDS-002/44_stitch_google.html
 create mode 100644 .ai-brain/02_MODULES/PHARM-001/36_seo_plan.md
 create mode 100644 .ai-brain/02_MODULES/PHARM-001/37_helpdesk_plan.md
 create mode 100644 .ai-brain/02_MODULES/PHARM-001/38_apm_logging.md
 create mode 100644 .ai-brain/02_MODULES/PHARM-001/39_user_analytics.md
 create mode 100644 .ai-brain/02_MODULES/PHARM-001/40_llm_observability.md
 create mode 100644 .ai-brain/02_MODULES/PHARM-001/41_auth_sso.md
 create mode 100644 .ai-brain/02_MODULES/PHARM-001/42_rbac_matrix.md
 create mode 100644 .ai-brain/02_MODULES/PHARM-001/43_pentest_plan.md
 create mode 100644 .ai-brain/02_MODULES/PHARM-001/44_stitch_google.html
 create mode 100644 .ai-brain/02_MODULES/PICU/36_seo_plan.md
 create mode 100644 .ai-brain/02_MODULES/PICU/37_helpdesk_plan.md
 create mode 100644 .ai-brain/02_MODULES/PICU/38_apm_logging.md
 create mode 100644 .ai-brain/02_MODULES/PICU/39_user_analytics.md
 create mode 100644 .ai-brain/02_MODULES/PICU/40_llm_observability.md
 create mode 100644 .ai-brain/02_MODULES/PICU/41_auth_sso.md
 create mode 100644 .ai-brain/02_MODULES/PICU/42_rbac_matrix.md
 create mode 100644 .ai-brain/02_MODULES/PICU/43_pentest_plan.md
 create mode 100644 .ai-brain/02_MODULES/PICU/44_stitch_google.html
 create mode 100644 .ai-brain/02_MODULES/PLAST-001/36_seo_plan.md
 create mode 100644 .ai-brain/02_MODULES/PLAST-001/37_helpdesk_plan.md
 create mode 100644 .ai-brain/02_MODULES/PLAST-001/38_apm_logging.md
 create mode 100644 .ai-brain/02_MODULES/PLAST-001/39_user_analytics.md
 create mode 100644 .ai-brain/02_MODULES/PLAST-001/40_llm_observability.md
 create mode 100644 .ai-brain/02_MODULES/PLAST-001/41_auth_sso.md
 create mode 100644 .ai-brain/02_MODULES/PLAST-001/42_rbac_matrix.md
 create mode 100644 .ai-brain/02_MODULES/PLAST-001/43_pentest_plan.md
 create mode 100644 .ai-brain/02_MODULES/PLAST-001/44_stitch_google.html
 create mode 100644 .ai-brain/02_MODULES/PREV-001/36_seo_plan.md
 create mode 100644 .ai-brain/02_MODULES/PREV-001/37_helpdesk_plan.md
 create mode 100644 .ai-brain/02_MODULES/PREV-001/38_apm_logging.md
 create mode 100644 .ai-brain/02_MODULES/PREV-001/39_user_analytics.md
 create mode 100644 .ai-brain/02_MODULES/PREV-001/40_llm_observability.md
 create mode 100644 .ai-brain/02_MODULES/PREV-001/41_auth_sso.md
 create mode 100644 .ai-brain/02_MODULES/PREV-001/42_rbac_matrix.md
 create mode 100644 .ai-brain/02_MODULES/PREV-001/43_pentest_plan.md
 create mode 100644 .ai-brain/02_MODULES/PREV-001/44_stitch_google.html
 create mode 100644 .ai-brain/02_MODULES/PSYCH-001/36_seo_plan.md
 create mode 100644 .ai-brain/02_MODULES/PSYCH-001/37_helpdesk_plan.md
 create mode 100644 .ai-brain/02_MODULES/PSYCH-001/38_apm_logging.md
 create mode 100644 .ai-brain/02_MODULES/PSYCH-001/39_user_analytics.md
 create mode 100644 .ai-brain/02_MODULES/PSYCH-001/40_llm_observability.md
 create mode 100644 .ai-brain/02_MODULES/PSYCH-001/41_auth_sso.md
 create mode 100644 .ai-brain/02_MODULES/PSYCH-001/42_rbac_matrix.md
 create mode 100644 .ai-brain/02_MODULES/PSYCH-001/43_pentest_plan.md
 create mode 100644 .ai-brain/02_MODULES/PSYCH-001/44_stitch_google.html
 create mode 100644 .ai-brain/02_MODULES/PULM-001/36_seo_plan.md
 create mode 100644 .ai-brain/02_MODULES/PULM-001/37_helpdesk_plan.md
 create mode 100644 .ai-brain/02_MODULES/PULM-001/38_apm_logging.md
 create mode 100644 .ai-brain/02_MODULES/PULM-001/39_user_analytics.md
 create mode 100644 .ai-brain/02_MODULES/PULM-001/40_llm_observability.md
 create mode 100644 .ai-brain/02_MODULES/PULM-001/41_auth_sso.md
 create mode 100644 .ai-brain/02_MODULES/PULM-001/42_rbac_matrix.md
 create mode 100644 .ai-brain/02_MODULES/PULM-001/43_pentest_plan.md
 create mode 100644 .ai-brain/02_MODULES/PULM-001/44_stitch_google.html
 create mode 100644 .ai-brain/02_MODULES/RAD-001/36_seo_plan.md
 create mode 100644 .ai-brain/02_MODULES/RAD-001/37_helpdesk_plan.md
 create mode 100644 .ai-brain/02_MODULES/RAD-001/38_apm_logging.md
 create mode 100644 .ai-brain/02_MODULES/RAD-001/39_user_analytics.md
 create mode 100644 .ai-brain/02_MODULES/RAD-001/40_llm_observability.md
 create mode 100644 .ai-brain/02_MODULES/RAD-001/41_auth_sso.md
 create mode 100644 .ai-brain/02_MODULES/RAD-001/42_rbac_matrix.md
 create mode 100644 .ai-brain/02_MODULES/RAD-001/43_pentest_plan.md
 create mode 100644 .ai-brain/02_MODULES/RAD-001/44_stitch_google.html
 create mode 100644 .ai-brain/02_MODULES/REHAB-001/36_seo_plan.md
 create mode 100644 .ai-brain/02_MODULES/REHAB-001/37_helpdesk_plan.md
 create mode 100644 .ai-brain/02_MODULES/REHAB-001/38_apm_logging.md
 create mode 100644 .ai-brain/02_MODULES/REHAB-001/39_user_analytics.md
 create mode 100644 .ai-brain/02_MODULES/REHAB-001/40_llm_observability.md
 create mode 100644 .ai-brain/02_MODULES/REHAB-001/41_auth_sso.md
 create mode 100644 .ai-brain/02_MODULES/REHAB-001/42_rbac_matrix.md
 create mode 100644 .ai-brain/02_MODULES/REHAB-001/43_pentest_plan.md
 create mode 100644 .ai-brain/02_MODULES/REHAB-001/44_stitch_google.html
 create mode 100644 .ai-brain/02_MODULES/RHEUM-001/36_seo_plan.md
 create mode 100644 .ai-brain/02_MODULES/RHEUM-001/37_helpdesk_plan.md
 create mode 100644 .ai-brain/02_MODULES/RHEUM-001/38_apm_logging.md
 create mode 100644 .ai-brain/02_MODULES/RHEUM-001/39_user_analytics.md
 create mode 100644 .ai-brain/02_MODULES/RHEUM-001/40_llm_observability.md
 create mode 100644 .ai-brain/02_MODULES/RHEUM-001/41_auth_sso.md
 create mode 100644 .ai-brain/02_MODULES/RHEUM-001/42_rbac_matrix.md
 create mode 100644 .ai-brain/02_MODULES/RHEUM-001/43_pentest_plan.md
 create mode 100644 .ai-brain/02_MODULES/RHEUM-001/44_stitch_google.html
 create mode 100644 .ai-brain/02_MODULES/SICU/36_seo_plan.md
 create mode 100644 .ai-brain/02_MODULES/SICU/37_helpdesk_plan.md
 create mode 100644 .ai-brain/02_MODULES/SICU/38_apm_logging.md
 create mode 100644 .ai-brain/02_MODULES/SICU/39_user_analytics.md
 create mode 100644 .ai-brain/02_MODULES/SICU/40_llm_observability.md
 create mode 100644 .ai-brain/02_MODULES/SICU/41_auth_sso.md
 create mode 100644 .ai-brain/02_MODULES/SICU/42_rbac_matrix.md
 create mode 100644 .ai-brain/02_MODULES/SICU/43_pentest_plan.md
 create mode 100644 .ai-brain/02_MODULES/SICU/44_stitch_google.html
 create mode 100644 .ai-brain/02_MODULES/SLEEP-001/36_seo_plan.md
 create mode 100644 .ai-brain/02_MODULES/SLEEP-001/37_helpdesk_plan.md
 create mode 100644 .ai-brain/02_MODULES/SLEEP-001/38_apm_logging.md
 create mode 100644 .ai-brain/02_MODULES/SLEEP-001/39_user_analytics.md
 create mode 100644 .ai-brain/02_MODULES/SLEEP-001/40_llm_observability.md
 create mode 100644 .ai-brain/02_MODULES/SLEEP-001/41_auth_sso.md
 create mode 100644 .ai-brain/02_MODULES/SLEEP-001/42_rbac_matrix.md
 create mode 100644 .ai-brain/02_MODULES/SLEEP-001/43_pentest_plan.md
 create mode 100644 .ai-brain/02_MODULES/SLEEP-001/44_stitch_google.html
 create mode 100644 .ai-brain/02_MODULES/SOC-001/36_seo_plan.md
 create mode 100644 .ai-brain/02_MODULES/SOC-001/37_helpdesk_plan.md
 create mode 100644 .ai-brain/02_MODULES/SOC-001/38_apm_logging.md
 create mode 100644 .ai-brain/02_MODULES/SOC-001/39_user_analytics.md
 create mode 100644 .ai-brain/02_MODULES/SOC-001/40_llm_observability.md
 create mode 100644 .ai-brain/02_MODULES/SOC-001/41_auth_sso.md
 create mode 100644 .ai-brain/02_MODULES/SOC-001/42_rbac_matrix.md
 create mode 100644 .ai-brain/02_MODULES/SOC-001/43_pentest_plan.md
 create mode 100644 .ai-brain/02_MODULES/SOC-001/44_stitch_google.html
 create mode 100644 .ai-brain/02_MODULES/SPM-001/36_seo_plan.md
 create mode 100644 .ai-brain/02_MODULES/SPM-001/37_helpdesk_plan.md
 create mode 100644 .ai-brain/02_MODULES/SPM-001/38_apm_logging.md
 create mode 100644 .ai-brain/02_MODULES/SPM-001/39_user_analytics.md
 create mode 100644 .ai-brain/02_MODULES/SPM-001/40_llm_observability.md
 create mode 100644 .ai-brain/02_MODULES/SPM-001/41_auth_sso.md
 create mode 100644 .ai-brain/02_MODULES/SPM-001/42_rbac_matrix.md
 create mode 100644 .ai-brain/02_MODULES/SPM-001/43_pentest_plan.md
 create mode 100644 .ai-brain/02_MODULES/SPM-001/44_stitch_google.html
 create mode 100644 .ai-brain/02_MODULES/SURG-001/36_seo_plan.md
 create mode 100644 .ai-brain/02_MODULES/SURG-001/37_helpdesk_plan.md
 create mode 100644 .ai-brain/02_MODULES/SURG-001/38_apm_logging.md
 create mode 100644 .ai-brain/02_MODULES/SURG-001/39_user_analytics.md
 create mode 100644 .ai-brain/02_MODULES/SURG-001/40_llm_observability.md
 create mode 100644 .ai-brain/02_MODULES/SURG-001/41_auth_sso.md
 create mode 100644 .ai-brain/02_MODULES/SURG-001/42_rbac_matrix.md
 create mode 100644 .ai-brain/02_MODULES/SURG-001/43_pentest_plan.md
 create mode 100644 .ai-brain/02_MODULES/SURG-001/44_stitch_google.html
 create mode 100644 .ai-brain/02_MODULES/SURG-002/36_seo_plan.md
 create mode 100644 .ai-brain/02_MODULES/SURG-002/37_helpdesk_plan.md
 create mode 100644 .ai-brain/02_MODULES/SURG-002/38_apm_logging.md
 create mode 100644 .ai-brain/02_MODULES/SURG-002/39_user_analytics.md
 create mode 100644 .ai-brain/02_MODULES/SURG-002/40_llm_observability.md
 create mode 100644 .ai-brain/02_MODULES/SURG-002/41_auth_sso.md
 create mode 100644 .ai-brain/02_MODULES/SURG-002/42_rbac_matrix.md
 create mode 100644 .ai-brain/02_MODULES/SURG-002/43_pentest_plan.md
 create mode 100644 .ai-brain/02_MODULES/SURG-002/44_stitch_google.html
 create mode 100644 .ai-brain/02_MODULES/SURG-003/36_seo_plan.md
 create mode 100644 .ai-brain/02_MODULES/SURG-003/37_helpdesk_plan.md
 create mode 100644 .ai-brain/02_MODULES/SURG-003/38_apm_logging.md
 create mode 100644 .ai-brain/02_MODULES/SURG-003/39_user_analytics.md
 create mode 100644 .ai-brain/02_MODULES/SURG-003/40_llm_observability.md
 create mode 100644 .ai-brain/02_MODULES/SURG-003/41_auth_sso.md
 create mode 100644 .ai-brain/02_MODULES/SURG-003/42_rbac_matrix.md
 create mode 100644 .ai-brain/02_MODULES/SURG-003/43_pentest_plan.md
 create mode 100644 .ai-brain/02_MODULES/SURG-003/44_stitch_google.html
 create mode 100644 .ai-brain/02_MODULES/SURG-004/36_seo_plan.md
 create mode 100644 .ai-brain/02_MODULES/SURG-004/37_helpdesk_plan.md
 create mode 100644 .ai-brain/02_MODULES/SURG-004/38_apm_logging.md
 create mode 100644 .ai-brain/02_MODULES/SURG-004/39_user_analytics.md
 create mode 100644 .ai-brain/02_MODULES/SURG-004/40_llm_observability.md
 create mode 100644 .ai-brain/02_MODULES/SURG-004/41_auth_sso.md
 create mode 100644 .ai-brain/02_MODULES/SURG-004/42_rbac_matrix.md
 create mode 100644 .ai-brain/02_MODULES/SURG-004/43_pentest_plan.md
 create mode 100644 .ai-brain/02_MODULES/SURG-004/44_stitch_google.html
 create mode 100644 .ai-brain/02_MODULES/SURG-005/36_seo_plan.md
 create mode 100644 .ai-brain/02_MODULES/SURG-005/37_helpdesk_plan.md
 create mode 100644 .ai-brain/02_MODULES/SURG-005/38_apm_logging.md
 create mode 100644 .ai-brain/02_MODULES/SURG-005/39_user_analytics.md
 create mode 100644 .ai-brain/02_MODULES/SURG-005/40_llm_observability.md
 create mode 100644 .ai-brain/02_MODULES/SURG-005/41_auth_sso.md
 create mode 100644 .ai-brain/02_MODULES/SURG-005/42_rbac_matrix.md
 create mode 100644 .ai-brain/02_MODULES/SURG-005/43_pentest_plan.md
 create mode 100644 .ai-brain/02_MODULES/SURG-005/44_stitch_google.html
 create mode 100644 .ai-brain/02_MODULES/SURG-006/36_seo_plan.md
 create mode 100644 .ai-brain/02_MODULES/SURG-006/37_helpdesk_plan.md
 create mode 100644 .ai-brain/02_MODULES/SURG-006/38_apm_logging.md
 create mode 100644 .ai-brain/02_MODULES/SURG-006/39_user_analytics.md
 create mode 100644 .ai-brain/02_MODULES/SURG-006/40_llm_observability.md
 create mode 100644 .ai-brain/02_MODULES/SURG-006/41_auth_sso.md
 create mode 100644 .ai-brain/02_MODULES/SURG-006/42_rbac_matrix.md
 create mode 100644 .ai-brain/02_MODULES/SURG-006/43_pentest_plan.md
 create mode 100644 .ai-brain/02_MODULES/SURG-006/44_stitch_google.html
 create mode 100644 .ai-brain/02_MODULES/SURG-007/36_seo_plan.md
 create mode 100644 .ai-brain/02_MODULES/SURG-007/37_helpdesk_plan.md
 create mode 100644 .ai-brain/02_MODULES/SURG-007/38_apm_logging.md
 create mode 100644 .ai-brain/02_MODULES/SURG-007/39_user_analytics.md
 create mode 100644 .ai-brain/02_MODULES/SURG-007/40_llm_observability.md
 create mode 100644 .ai-brain/02_MODULES/SURG-007/41_auth_sso.md
 create mode 100644 .ai-brain/02_MODULES/SURG-007/42_rbac_matrix.md
 create mode 100644 .ai-brain/02_MODULES/SURG-007/43_pentest_plan.md
 create mode 100644 .ai-brain/02_MODULES/SURG-007/44_stitch_google.html
 create mode 100644 .ai-brain/02_MODULES/SURG-008/36_seo_plan.md
 create mode 100644 .ai-brain/02_MODULES/SURG-008/37_helpdesk_plan.md
 create mode 100644 .ai-brain/02_MODULES/SURG-008/38_apm_logging.md
 create mode 100644 .ai-brain/02_MODULES/SURG-008/39_user_analytics.md
 create mode 100644 .ai-brain/02_MODULES/SURG-008/40_llm_observability.md
 create mode 100644 .ai-brain/02_MODULES/SURG-008/41_auth_sso.md
 create mode 100644 .ai-brain/02_MODULES/SURG-008/42_rbac_matrix.md
 create mode 100644 .ai-brain/02_MODULES/SURG-008/43_pentest_plan.md
 create mode 100644 .ai-brain/02_MODULES/SURG-008/44_stitch_google.html
 create mode 100644 .ai-brain/02_MODULES/SURG-009/36_seo_plan.md
 create mode 100644 .ai-brain/02_MODULES/SURG-009/37_helpdesk_plan.md
 create mode 100644 .ai-brain/02_MODULES/SURG-009/38_apm_logging.md
 create mode 100644 .ai-brain/02_MODULES/SURG-009/39_user_analytics.md
 create mode 100644 .ai-brain/02_MODULES/SURG-009/40_llm_observability.md
 create mode 100644 .ai-brain/02_MODULES/SURG-009/41_auth_sso.md
 create mode 100644 .ai-brain/02_MODULES/SURG-009/42_rbac_matrix.md
 create mode 100644 .ai-brain/02_MODULES/SURG-009/43_pentest_plan.md
 create mode 100644 .ai-brain/02_MODULES/SURG-009/44_stitch_google.html
 create mode 100644 .ai-brain/02_MODULES/SURG-010/36_seo_plan.md
 create mode 100644 .ai-brain/02_MODULES/SURG-010/37_helpdesk_plan.md
 create mode 100644 .ai-brain/02_MODULES/SURG-010/38_apm_logging.md
 create mode 100644 .ai-brain/02_MODULES/SURG-010/39_user_analytics.md
 create mode 100644 .ai-brain/02_MODULES/SURG-010/40_llm_observability.md
 create mode 100644 .ai-brain/02_MODULES/SURG-010/41_auth_sso.md
 create mode 100644 .ai-brain/02_MODULES/SURG-010/42_rbac_matrix.md
 create mode 100644 .ai-brain/02_MODULES/SURG-010/43_pentest_plan.md
 create mode 100644 .ai-brain/02_MODULES/SURG-010/44_stitch_google.html
 create mode 100644 .ai-brain/02_MODULES/SURG-011/36_seo_plan.md
 create mode 100644 .ai-brain/02_MODULES/SURG-011/37_helpdesk_plan.md
 create mode 100644 .ai-brain/02_MODULES/SURG-011/38_apm_logging.md
 create mode 100644 .ai-brain/02_MODULES/SURG-011/39_user_analytics.md
 create mode 100644 .ai-brain/02_MODULES/SURG-011/40_llm_observability.md
 create mode 100644 .ai-brain/02_MODULES/SURG-011/41_auth_sso.md
 create mode 100644 .ai-brain/02_MODULES/SURG-011/42_rbac_matrix.md
 create mode 100644 .ai-brain/02_MODULES/SURG-011/43_pentest_plan.md
 create mode 100644 .ai-brain/02_MODULES/SURG-011/44_stitch_google.html
 create mode 100644 .ai-brain/02_MODULES/SURG-012/36_seo_plan.md
 create mode 100644 .ai-brain/02_MODULES/SURG-012/37_helpdesk_plan.md
 create mode 100644 .ai-brain/02_MODULES/SURG-012/38_apm_logging.md
 create mode 100644 .ai-brain/02_MODULES/SURG-012/39_user_analytics.md
 create mode 100644 .ai-brain/02_MODULES/SURG-012/40_llm_observability.md
 create mode 100644 .ai-brain/02_MODULES/SURG-012/41_auth_sso.md
 create mode 100644 .ai-brain/02_MODULES/SURG-012/42_rbac_matrix.md
 create mode 100644 .ai-brain/02_MODULES/SURG-012/43_pentest_plan.md
 create mode 100644 .ai-brain/02_MODULES/SURG-012/44_stitch_google.html
 create mode 100644 .ai-brain/02_MODULES/TRMED-001/36_seo_plan.md
 create mode 100644 .ai-brain/02_MODULES/TRMED-001/37_helpdesk_plan.md
 create mode 100644 .ai-brain/02_MODULES/TRMED-001/38_apm_logging.md
 create mode 100644 .ai-brain/02_MODULES/TRMED-001/39_user_analytics.md
 create mode 100644 .ai-brain/02_MODULES/TRMED-001/40_llm_observability.md
 create mode 100644 .ai-brain/02_MODULES/TRMED-001/41_auth_sso.md
 create mode 100644 .ai-brain/02_MODULES/TRMED-001/42_rbac_matrix.md
 create mode 100644 .ai-brain/02_MODULES/TRMED-001/43_pentest_plan.md
 create mode 100644 .ai-brain/02_MODULES/TRMED-001/44_stitch_google.html
 create mode 100644 .ai-brain/02_MODULES/URO-001/36_seo_plan.md
 create mode 100644 .ai-brain/02_MODULES/URO-001/37_helpdesk_plan.md
 create mode 100644 .ai-brain/02_MODULES/URO-001/38_apm_logging.md
 create mode 100644 .ai-brain/02_MODULES/URO-001/39_user_analytics.md
 create mode 100644 .ai-brain/02_MODULES/URO-001/40_llm_observability.md
 create mode 100644 .ai-brain/02_MODULES/URO-001/41_auth_sso.md
 create mode 100644 .ai-brain/02_MODULES/URO-001/42_rbac_matrix.md
 create mode 100644 .ai-brain/02_MODULES/URO-001/43_pentest_plan.md
 create mode 100644 .ai-brain/02_MODULES/URO-001/44_stitch_google.html
 create mode 100644 .ai-brain/02_MODULES/VAS-001/36_seo_plan.md
 create mode 100644 .ai-brain/02_MODULES/VAS-001/37_helpdesk_plan.md
 create mode 100644 .ai-brain/02_MODULES/VAS-001/38_apm_logging.md
 create mode 100644 .ai-brain/02_MODULES/VAS-001/39_user_analytics.md
 create mode 100644 .ai-brain/02_MODULES/VAS-001/40_llm_observability.md
 create mode 100644 .ai-brain/02_MODULES/VAS-001/41_auth_sso.md
 create mode 100644 .ai-brain/02_MODULES/VAS-001/42_rbac_matrix.md
 create mode 100644 .ai-brain/02_MODULES/VAS-001/43_pentest_plan.md
 create mode 100644 .ai-brain/02_MODULES/VAS-001/44_stitch_google.html
