  +9 ΓåÆ ALGY-001
  +9 ΓåÆ ANES-001
  +9 ΓåÆ CARD-001
  +9 ΓåÆ CCU
  +9 ΓåÆ CTS-001
  +9 ΓåÆ DENT-001
  +9 ΓåÆ DEP-001_cardiology
  +9 ΓåÆ DEP-002_endocrinology
  +9 ΓåÆ DEP-003_gastroenterology
  +9 ΓåÆ DEP-004_hemOnc
  +9 ΓåÆ DEP-005_nephrology
  +9 ΓåÆ DEP-006_pulmonology
  +9 ΓåÆ DEP-007_rheumatology
  +9 ΓåÆ DEP-008_infectious
  +9 ΓåÆ DEP-009_dermatology
  +9 ΓåÆ DEP-010_allergy
  +9 ΓåÆ DEP-011_genSurg
  +9 ΓåÆ DEP-012_ortho
  +9 ΓåÆ DEP-013_neuroSurg
  +9 ΓåÆ DEP-014_cardioTh
  +9 ΓåÆ DEP-015_ent
  +9 ΓåÆ DEP-016_ophth
  +9 ΓåÆ DEP-017_uro
  +9 ΓåÆ DEP-018_plastic
  +9 ΓåÆ DEP-019_vascular
  +9 ΓåÆ DEP-020_transplant
  +9 ΓåÆ DEP-021_emergency
  +9 ΓåÆ DEP-022_icu
  +9 ΓåÆ DEP-023_nicu
  +9 ΓåÆ DEP-024_picu
  +9 ΓåÆ DEP-025_pacu
  +9 ΓåÆ DEP-026_peds
  +9 ΓåÆ DEP-027_neonate
  +9 ΓåÆ DEP-028_pedsCard
  +9 ΓåÆ DEP-029_pedsNeuro
  +9 ΓåÆ DEP-030_pedsNeph
  +9 ΓåÆ DEP-031_pedsHemOnc
  +9 ΓåÆ DEP-032_pedsSurg
  +9 ΓåÆ DEP-033_pedsDev
  +9 ΓåÆ DEP-034_obs
  +9 ΓåÆ DEP-035_gyn
  +9 ΓåÆ DEP-036_fertility
  +9 ΓåÆ DEP-037_mfm
  +9 ΓåÆ DEP-038_urogyn
  +9 ΓåÆ DEP-039_lab
  +9 ΓåÆ DEP-040_radiology
  +9 ΓåÆ DEP-041_ir
  +9 ΓåÆ DEP-042_nucmed
  +9 ΓåÆ DEP-043_path
  +9 ΓåÆ DEP-044_psych
  +9 ΓåÆ DEP-045_psychol
  +9 ΓåÆ DEP-046_pt
  +9 ΓåÆ DEP-047_ot
  +9 ΓåÆ DEP-048_medOnc
  +9 ΓåÆ DEP-049_radOnc
  +9 ΓåÆ DEP-050_palliative
  +9 ΓåÆ DEP-051_anesth
  +9 ΓåÆ DEP-052_pain
  +9 ΓåÆ DEP-053_pharmacy
  +9 ΓåÆ DEP-054_inventory
  +9 ΓåÆ DEP-055_finance
  +9 ΓåÆ DEP-056_hr
  +9 ΓåÆ DEP-057_billing
  +9 ΓåÆ DEP-058_insurance
  +9 ΓåÆ DEP-059_quality
  +9 ΓåÆ DEP-060_facility
  +9 ΓåÆ DERM-001
  +9 ΓåÆ DIET-001
  +9 ΓåÆ ENDO-001
  +9 ΓåÆ ENT-001
  +9 ΓåÆ ER-001
  +9 ΓåÆ ER-002
  +9 ΓåÆ ER-003
  +9 ΓåÆ ER-004
  +9 ΓåÆ GEN-001
  +9 ΓåÆ GERI-001
  +9 ΓåÆ GI-001
  +9 ΓåÆ HH-001
  +9 ΓåÆ ID-001
  +9 ΓåÆ LAB-001
  +9 ΓåÆ MICU
  +9 ΓåÆ NEPH-001
  +9 ΓåÆ NEUROS-001
  +9 ΓåÆ NNICU
  +9 ΓåÆ OBG-001
  +9 ΓåÆ OBG-002
  +9 ΓåÆ ONC-001
  +9 ΓåÆ OPHTH-001
  +9 ΓåÆ ORTHO-001
  +9 ΓåÆ PACU
  +9 ΓåÆ PAIN-001
  +9 ΓåÆ PATH-001
  +9 ΓåÆ PEDS-001
  +9 ΓåÆ PEDS-002
  +9 ΓåÆ PHARM-001
  +9 ΓåÆ PICU
  +9 ΓåÆ PLAST-001
  +9 ΓåÆ PREV-001
  +9 ΓåÆ PSYCH-001
  +9 ΓåÆ PULM-001
  +9 ΓåÆ RAD-001
  +9 ΓåÆ REHAB-001
  +9 ΓåÆ RHEUM-001
  +9 ΓåÆ SICU
  +9 ΓåÆ SLEEP-001
  +9 ΓåÆ SOC-001
  +9 ΓåÆ SPM-001
  +9 ΓåÆ SURG-001
  +9 ΓåÆ SURG-002
  +9 ΓåÆ SURG-003
  +9 ΓåÆ SURG-004
  +9 ΓåÆ SURG-005
  +9 ΓåÆ SURG-006
  +9 ΓåÆ SURG-007
  +9 ΓåÆ SURG-008
  +9 ΓåÆ SURG-009
  +9 ΓåÆ SURG-010
  +9 ΓåÆ SURG-011
  +9 ΓåÆ SURG-012
  +9 ΓåÆ TRMED-001
  +9 ΓåÆ URO-001
  +9 ΓåÆ VAS-001

Total files added: 1098
