-rw-r--r-- 1 root root 14481 Aug 10 17:56 cardiology_engine.js
-rw-r--r-- 1 root root  7137 Aug 10 17:57 oncology_engine.js
-rw-r--r-- 1 root root 11119 Aug 10 17:57 pediatrics_engine.js
-rw-r--r-- 1 root root  9867 Aug 10 17:57 pharmacy_engine.js
-rw-r--r-- 1 root root  8121 Aug 10 17:57 surgery_engine.js
---
-rw-rw-rw-  1 root root   1140 Jul  1 18:30 e47_billing_tables_candidate_down.sql
-rw-rw-rw-  1 root root   6730 Jul  1 18:26 e47_billing_tables_candidate_up.sql
-rw-r--r--  1 root root    669 Aug 10 17:57 e47_cardiology_down.sql
-rw-r--r--  1 root root   8604 Aug 10 17:57 e47_cardiology_up.sql
-rw-r--r--  1 root root    613 Aug 10 17:57 e48_endocrine_emergency_down.sql
-rw-r--r--  1 root root   7271 Aug 10 17:57 e48_endocrine_emergency_up.sql
-rw-rw-rw-  1 root root    531 Jul  2 21:01 e48_ews_score_types_candidate_down.sql
-rw-rw-rw-  1 root root    733 Jul  2 21:01 e48_ews_score_types_candidate_up.sql
-rw-r--r--  1 root root    683 Aug 10 17:57 e49_pediatrics_surgery_pharmacy_down.sql
-rw-r--r--  1 root root   7428 Aug 10 17:57 e49_pediatrics_surgery_pharmacy_up.sql
-rw-rw-rw-  1 root root    310 Jul  2 21:08 e49_result_acknowledgements_candidate_down.sql
-rw-rw-rw-  1 root root   2506 Jul  2 21:08 e49_result_acknowledgements_candidate_up.sql
-rw-rw-rw-  1 root root   2128 Jul  2 21:23 e50_clinical_rls_candidate_down.sql
-rw-rw-rw-  1 root root   8203 Jul  3 01:22 e50_clinical_rls_candidate_up.sql
-rw-r--r--  1 root root    623 Aug 10 17:58 e50_oncology_nephrology_obgyn_down.sql
-rw-r--r--  1 root root   6883 Aug 10 17:57 e50_oncology_nephrology_obgyn_up.sql
-rw-r--r--  1 root root    257 Jul 23 03:28 e51_cardiology_extensions_down.sql
-rw-r--r--  1 root root   3052 Jul 23 03:28 e51_cardiology_extensions_up.sql
-rw-r--r--  1 root root    203 Jul 23 03:28 e51_cath_lab_specialized_down.sql
-rw-r--r--  1 root root   1751 Jul 23 03:28 e51_cath_lab_specialized_up.sql
