200 allergy
200 anesthesia
200 audiology
200 burn_unit
200 cardiac_rehab
200 ccu
200 chaplaincy
200 cicu
200 ctu
200 dermatology
200 dialysis
200 epilepsy
200 fetal_medicine
200 genetics
200 headache
200 hematology
200 icu
200 immunology
200 infection_control
200 infectious_disease
200 ivf
200 maternal_fetal
200 memory_clinic
200 movement
200 movement_disorders
200 multiple_sclerosis
200 neonatology
200 neuro_oncology
200 neurosurgery
200 nicu
200 nuclear_medicine
200 nutrition
200 occupational_therapy
200 pain_management
200 palliative_care
200 pathology
200 physiotherapy
200 picu
200 plastic_surgery
200 psychiatry
200 pulmonary_rehab
200 radiology
200 rehabilitation
200 sleep_medicine
200 social_work
200 speech_therapy
200 stroke_unit
200 thoracic_surgery
200 transplant
200 trauma_surgery
200 urology
200 vascular_surgery
200 wound_care
